------------------------------------------------------------
TimeQuest Timing Analyzer Summary
------------------------------------------------------------

Type  : Slow 1200mV 85C Model Setup 'clk'
Slack : -31.344
TNS   : -823.921

Type  : Slow 1200mV 85C Model Setup 'sck'
Slack : -1.252
TNS   : -36.692

Type  : Slow 1200mV 85C Model Setup 'vgapll|altpll_component|auto_generated|pll1|clk[0]'
Slack : 35.110
TNS   : 0.000

Type  : Slow 1200mV 85C Model Hold 'clk'
Slack : 0.452
TNS   : 0.000

Type  : Slow 1200mV 85C Model Hold 'sck'
Slack : 0.480
TNS   : 0.000

Type  : Slow 1200mV 85C Model Hold 'vgapll|altpll_component|auto_generated|pll1|clk[0]'
Slack : 0.517
TNS   : 0.000

Type  : Slow 1200mV 85C Model Minimum Pulse Width 'sck'
Slack : -3.000
TNS   : -59.506

Type  : Slow 1200mV 85C Model Minimum Pulse Width 'clk'
Slack : 12.288
TNS   : 0.000

Type  : Slow 1200mV 85C Model Minimum Pulse Width 'vgapll|altpll_component|auto_generated|pll1|clk[0]'
Slack : 19.573
TNS   : 0.000

Type  : Slow 1200mV 0C Model Setup 'clk'
Slack : -26.574
TNS   : -693.745

Type  : Slow 1200mV 0C Model Setup 'sck'
Slack : -1.124
TNS   : -31.942

Type  : Slow 1200mV 0C Model Setup 'vgapll|altpll_component|auto_generated|pll1|clk[0]'
Slack : 35.369
TNS   : 0.000

Type  : Slow 1200mV 0C Model Hold 'clk'
Slack : 0.401
TNS   : 0.000

Type  : Slow 1200mV 0C Model Hold 'sck'
Slack : 0.424
TNS   : 0.000

Type  : Slow 1200mV 0C Model Hold 'vgapll|altpll_component|auto_generated|pll1|clk[0]'
Slack : 0.480
TNS   : 0.000

Type  : Slow 1200mV 0C Model Minimum Pulse Width 'sck'
Slack : -3.000
TNS   : -59.506

Type  : Slow 1200mV 0C Model Minimum Pulse Width 'clk'
Slack : 12.294
TNS   : 0.000

Type  : Slow 1200mV 0C Model Minimum Pulse Width 'vgapll|altpll_component|auto_generated|pll1|clk[0]'
Slack : 19.571
TNS   : 0.000

Type  : Fast 1200mV 0C Model Setup 'clk'
Slack : -0.168
TNS   : -0.623

Type  : Fast 1200mV 0C Model Setup 'sck'
Slack : 0.024
TNS   : 0.000

Type  : Fast 1200mV 0C Model Setup 'vgapll|altpll_component|auto_generated|pll1|clk[0]'
Slack : 37.730
TNS   : 0.000

Type  : Fast 1200mV 0C Model Hold 'clk'
Slack : 0.133
TNS   : 0.000

Type  : Fast 1200mV 0C Model Hold 'sck'
Slack : 0.199
TNS   : 0.000

Type  : Fast 1200mV 0C Model Hold 'vgapll|altpll_component|auto_generated|pll1|clk[0]'
Slack : 0.210
TNS   : 0.000

Type  : Fast 1200mV 0C Model Minimum Pulse Width 'sck'
Slack : -3.000
TNS   : -44.977

Type  : Fast 1200mV 0C Model Minimum Pulse Width 'clk'
Slack : 11.936
TNS   : 0.000

Type  : Fast 1200mV 0C Model Minimum Pulse Width 'vgapll|altpll_component|auto_generated|pll1|clk[0]'
Slack : 19.651
TNS   : 0.000

------------------------------------------------------------
