------------------------------------------------------------
TimeQuest Timing Analyzer Summary
------------------------------------------------------------

Type  : Slow 1200mV 85C Model Setup 'sck'
Slack : 0.068
TNS   : 0.000

Type  : Slow 1200mV 85C Model Setup 'vgapll|altpll_component|auto_generated|pll1|clk[0]'
Slack : 35.797
TNS   : 0.000

Type  : Slow 1200mV 85C Model Hold 'vgapll|altpll_component|auto_generated|pll1|clk[0]'
Slack : 0.519
TNS   : 0.000

Type  : Slow 1200mV 85C Model Hold 'sck'
Slack : 0.525
TNS   : 0.000

Type  : Slow 1200mV 85C Model Minimum Pulse Width 'sck'
Slack : -3.000
TNS   : -23.818

Type  : Slow 1200mV 85C Model Minimum Pulse Width 'clk'
Slack : 12.429
TNS   : 0.000

Type  : Slow 1200mV 85C Model Minimum Pulse Width 'vgapll|altpll_component|auto_generated|pll1|clk[0]'
Slack : 19.575
TNS   : 0.000

Type  : Slow 1200mV 0C Model Setup 'sck'
Slack : 0.163
TNS   : 0.000

Type  : Slow 1200mV 0C Model Setup 'vgapll|altpll_component|auto_generated|pll1|clk[0]'
Slack : 36.067
TNS   : 0.000

Type  : Slow 1200mV 0C Model Hold 'vgapll|altpll_component|auto_generated|pll1|clk[0]'
Slack : 0.479
TNS   : 0.000

Type  : Slow 1200mV 0C Model Hold 'sck'
Slack : 0.491
TNS   : 0.000

Type  : Slow 1200mV 0C Model Minimum Pulse Width 'sck'
Slack : -3.000
TNS   : -23.818

Type  : Slow 1200mV 0C Model Minimum Pulse Width 'clk'
Slack : 12.417
TNS   : 0.000

Type  : Slow 1200mV 0C Model Minimum Pulse Width 'vgapll|altpll_component|auto_generated|pll1|clk[0]'
Slack : 19.572
TNS   : 0.000

Type  : Fast 1200mV 0C Model Setup 'sck'
Slack : 0.599
TNS   : 0.000

Type  : Fast 1200mV 0C Model Setup 'vgapll|altpll_component|auto_generated|pll1|clk[0]'
Slack : 38.022
TNS   : 0.000

Type  : Fast 1200mV 0C Model Hold 'sck'
Slack : 0.202
TNS   : 0.000

Type  : Fast 1200mV 0C Model Hold 'vgapll|altpll_component|auto_generated|pll1|clk[0]'
Slack : 0.210
TNS   : 0.000

Type  : Fast 1200mV 0C Model Minimum Pulse Width 'sck'
Slack : -3.000
TNS   : -18.708

Type  : Fast 1200mV 0C Model Minimum Pulse Width 'clk'
Slack : 12.097
TNS   : 0.000

Type  : Fast 1200mV 0C Model Minimum Pulse Width 'vgapll|altpll_component|auto_generated|pll1|clk[0]'
Slack : 19.650
TNS   : 0.000

------------------------------------------------------------
