Archive member included because of file (symbol)

C:/Program Files (x86)/Microchip/MPLAB C32 Suite/bin/../lib/gcc/pic32mx/3.4.4/../../../../pic32mx/lib\libc.a(memcpy.o)
                              Objects\C32\usb_host_hid_parser.o (memcpy)
C:/Program Files (x86)/Microchip/MPLAB C32 Suite/bin/../lib/gcc/pic32mx/3.4.4/../../../../pic32mx/lib\libc.a(general-exception.o)
                              C:/Program Files (x86)/Microchip/MPLAB C32 Suite/bin/../lib/gcc/pic32mx/3.4.4/../../../../pic32mx/lib/crt0.o (_general_exception_context)
C:/Program Files (x86)/Microchip/MPLAB C32 Suite/bin/../lib/gcc/pic32mx/3.4.4/../../../../pic32mx/lib\libc.a(malloc.o)
                              Objects\C32\usb_host.o (malloc)
C:/Program Files (x86)/Microchip/MPLAB C32 Suite/bin/../lib/gcc/pic32mx/3.4.4/../../../../pic32mx/lib\libc.a(sbrk.o)
                              C:/Program Files (x86)/Microchip/MPLAB C32 Suite/bin/../lib/gcc/pic32mx/3.4.4/../../../../pic32mx/lib\libc.a(malloc.o) (sbrk)
C:/Program Files (x86)/Microchip/MPLAB C32 Suite/bin/../lib/gcc/pic32mx/3.4.4/../../../../pic32mx/lib\libc.a(default-general-exception-handler.o)
                              C:/Program Files (x86)/Microchip/MPLAB C32 Suite/bin/../lib/gcc/pic32mx/3.4.4/../../../../pic32mx/lib\libc.a(general-exception.o) (_general_exception_handler)
C:/Program Files (x86)/Microchip/MPLAB C32 Suite/bin/../lib/gcc/pic32mx/3.4.4/../../../../pic32mx/lib\libc.a(default-bootstrap-exception-handler.o)
                              C:/Program Files (x86)/Microchip/MPLAB C32 Suite/bin/../lib/gcc/pic32mx/3.4.4/../../../../pic32mx/lib/crt0.o (_bootstrap_exception_handler)
C:/Program Files (x86)/Microchip/MPLAB C32 Suite/bin/../lib/gcc/pic32mx/3.4.4/../../../../pic32mx/lib\libc.a(default-on-reset.o)
                              C:/Program Files (x86)/Microchip/MPLAB C32 Suite/bin/../lib/gcc/pic32mx/3.4.4/../../../../pic32mx/lib/crt0.o (_on_reset)
C:/Program Files (x86)/Microchip/MPLAB C32 Suite/bin/../lib/gcc/pic32mx/3.4.4/../../../../pic32mx/lib\libc.a(default-on-bootstrap.o)
                              C:/Program Files (x86)/Microchip/MPLAB C32 Suite/bin/../lib/gcc/pic32mx/3.4.4/../../../../pic32mx/lib/crt0.o (_on_bootstrap)
C:/Program Files (x86)/Microchip/MPLAB C32 Suite/bin/../lib/gcc/pic32mx/3.4.4/../../../../pic32mx/lib\libc.a(default-nmi-handler.o)
                              C:/Program Files (x86)/Microchip/MPLAB C32 Suite/bin/../lib/gcc/pic32mx/3.4.4/../../../../pic32mx/lib/crt0.o (_nmi_handler)
C:/Program Files (x86)/Microchip/MPLAB C32 Suite/bin/../lib/gcc/pic32mx/3.4.4/../../../../pic32mx/lib\libc.a(memset.o)
                              C:/Program Files (x86)/Microchip/MPLAB C32 Suite/bin/../lib/gcc/pic32mx/3.4.4/../../../../pic32mx/lib\libc.a(sbrk.o) (memset)
C:/Program Files (x86)/Microchip/MPLAB C32 Suite/bin/../lib/gcc/pic32mx/3.4.4/../../../../pic32mx/lib\libc.a(errno.o)
                              C:/Program Files (x86)/Microchip/MPLAB C32 Suite/bin/../lib/gcc/pic32mx/3.4.4/../../../../pic32mx/lib\libc.a(sbrk.o) (errno)
C:/Program Files (x86)/Microchip/MPLAB C32 Suite/bin/../lib/gcc/pic32mx/3.4.4/../../../../pic32mx/lib\libm.a(w_powf.o)
                              Objects\C32\Mouse_demo.o (powf)
C:/Program Files (x86)/Microchip/MPLAB C32 Suite/bin/../lib/gcc/pic32mx/3.4.4/../../../../pic32mx/lib\libm.a(dp32.o)
                              C:/Program Files (x86)/Microchip/MPLAB C32 Suite/bin/../lib/gcc/pic32mx/3.4.4/../../../../pic32mx/lib\libm.a(w_powf.o) (fptodp)
C:/Program Files (x86)/Microchip/MPLAB C32 Suite/bin/../lib/gcc/pic32mx/3.4.4/../../../../pic32mx/lib\libm.a(fp32.o)
                              Objects\C32\Mouse_demo.o (fpadd)
C:/Program Files (x86)/Microchip/MPLAB C32 Suite/bin/../lib/gcc/pic32mx/3.4.4/../../../../pic32mx/lib\libm.a(s_lib_ver.o)
                              C:/Program Files (x86)/Microchip/MPLAB C32 Suite/bin/../lib/gcc/pic32mx/3.4.4/../../../../pic32mx/lib\libm.a(w_powf.o) (math_errhandling)
C:/Program Files (x86)/Microchip/MPLAB C32 Suite/bin/../lib/gcc/pic32mx/3.4.4/../../../../pic32mx/lib\libm.a(fpmod32.o)
                              C:/Program Files (x86)/Microchip/MPLAB C32 Suite/bin/../lib/gcc/pic32mx/3.4.4/../../../../pic32mx/lib\libm.a(w_powf.o) (modff)
C:/Program Files (x86)/Microchip/MPLAB C32 Suite/bin/../lib/gcc/pic32mx/3.4.4/../../../../pic32mx/lib\libm.a(fppow32.o)
                              C:/Program Files (x86)/Microchip/MPLAB C32 Suite/bin/../lib/gcc/pic32mx/3.4.4/../../../../pic32mx/lib\libm.a(w_powf.o) (__mchp_powf)
C:/Program Files (x86)/Microchip/MPLAB C32 Suite/bin/../lib/gcc/pic32mx/3.4.4/../../../../pic32mx/lib\libm.a(fplog32.o)
                              C:/Program Files (x86)/Microchip/MPLAB C32 Suite/bin/../lib/gcc/pic32mx/3.4.4/../../../../pic32mx/lib\libm.a(fppow32.o) (fpexlog)
C:/Program Files (x86)/Microchip/MPLAB C32 Suite/bin/../lib/gcc/pic32mx/3.4.4/../../../../pic32mx/lib\libm.a(fpexp32.o)
[...]
Memory Configuration

Name             Origin             Length             Attributes
kseg0_program_mem 0x9d000000         0x00080000         xr
kseg0_boot_mem   0x9fc00490         0x00000970
exception_mem    0x9fc01000         0x00001000
kseg1_boot_mem   0xbfc00000         0x00000490
debug_exec_mem   0xbfc02000         0x00000ff0
config3          0xbfc02ff0         0x00000004
config2          0xbfc02ff4         0x00000004
config1          0xbfc02ff8         0x00000004
config0          0xbfc02ffc         0x00000004
kseg1_data_mem   0xa0000000         0x00010000         w !x
sfrs             0xbf800000         0x00100000
configsfrs       0xbfc02ff0         0x00000010
*default*        0x00000000         0xffffffff

Linker script and memory map

LOAD C:/Program Files (x86)/Microchip/MPLAB C32 Suite/bin/../lib/gcc/pic32mx/3.4.4/../../../../pic32mx/lib/crt0.o
                0x00000001                _DEBUGGER = 0x1
LOAD Objects\C32\usb_config.o
LOAD Objects\C32\usb_host.o
LOAD Objects\C32\usb_host_hid_parser.o
LOAD Objects\C32\usb_host_hid.o
LOAD Objects\C32\Mouse_demo.o
                0x00000001                __MPLAB_BUILD = 0x1
                0x00000001                __MPLAB_DEBUG = 0x1
                0x00000001                __MPLAB_DEBUGGER_ICD3 = 0x1
                0x00000001                __ICD2RAM = 0x1
                0x000003e8                _min_heap_size = 0x3e8
LOAD C:/Program Files (x86)/Microchip/MPLAB C32 Suite/bin/../lib/gcc/pic32mx/3.4.4\libgcc.a
START GROUP
LOAD C:/Program Files (x86)/Microchip/MPLAB C32 Suite/bin/../lib/gcc/pic32mx/3.4.4/../../../../pic32mx/lib\libdebug.a
LOAD C:/Program Files (x86)/Microchip/MPLAB C32 Suite/bin/../lib/gcc/pic32mx/3.4.4/../../../../pic32mx/lib\libc.a
LOAD C:/Program Files (x86)/Microchip/MPLAB C32 Suite/bin/../lib/gcc/pic32mx/3.4.4/../../../../pic32mx/lib\libm.a
LOAD C:/Program Files (x86)/Microchip/MPLAB C32 Suite/bin/../lib/gcc/pic32mx/3.4.4/../../../../pic32mx/lib\libe.a
LOAD C:/Program Files (x86)/Microchip/MPLAB C32 Suite/bin/../lib/gcc/pic32mx/3.4.4/../../../../pic32mx/lib\libdsp.a
LOAD C:/Program Files (x86)/Microchip/MPLAB C32 Suite/bin/../lib/gcc/pic32mx/3.4.4/../../../../pic32mx/lib\libmchp_peripheral.a
LOAD C:/Program Files (x86)/Microchip/MPLAB C32 Suite/bin/../lib/gcc/pic32mx/3.4.4/../../../../pic32mx/lib\libmchp_peripheral_32MX675F512H.a
END GROUP
LOAD C:/Program Files (x86)/Microchip/MPLAB C32 Suite/bin/../lib/gcc/pic32mx/3.4.4\libgcc.a
                0x00000400                PROVIDE (_min_stack_size, 0x400)
                0x00000000                PROVIDE (_min_heap_size, 0x0)
LOAD C:/Program Files (x86)/Microchip/MPLAB C32 Suite/bin/../lib/gcc/pic32mx/3.4.4/../../../../pic32mx/lib/./proc/32MX675F512H\processor.o
                0x00000001                PROVIDE (_vector_spacing, 0x1)
                0x9fc01000                _ebase_address = 0x9fc01000
                0xbfc00000                _RESET_ADDR = 0xbfc00000
                0xbfc00380                _BEV_EXCPT_ADDR = 0xbfc00380
                0xbfc00480                _DBG_EXCPT_ADDR = 0xbfc00480
                0xbfc02000                _DBG_CODE_ADDR = 0xbfc02000
                0x9fc01180                _GEN_EXCPT_ADDR = (_ebase_address + 0x180)

.config_BFC02FF0
 *(.config_BFC02FF0)

.config_BFC02FF4
 *(.config_BFC02FF4)

.config_BFC02FF8
 *(.config_BFC02FF8)

.config_BFC02FFC
 *(.config_BFC02FFC)

.reset          0xbfc00000       0x10
 *(.reset)
 .reset         0xbfc00000       0x10 C:/Program Files (x86)/Microchip/MPLAB C32 Suite/bin/../lib/gcc/pic32mx/3.4.4/../../../../pic32mx/lib/crt0.o
                0xbfc00000                _reset

.bev_excpt      0xbfc00380       0x10
 *(.bev_handler)
 .bev_handler   0xbfc00380       0x10 C:/Program Files (x86)/Microchip/MPLAB C32 Suite/bin/../lib/gcc/pic32mx/3.4.4/../../../../pic32mx/lib/crt0.o

.dbg_excpt      0xbfc00480        0x8
                0xbfc00480                . = (. + DEFINED (_DEBUGGER)?0x8:0x0)
 *fill*         0xbfc00480        0x8 00

.dbg_code       0xbfc02000      0xff0
                0xbfc02000                . = (. + DEFINED (_DEBUGGER)?0xff0:0x0)
 *fill*         0xbfc02000      0xff0 00

.app_excpt      0x9fc01180       0x10
 *(.gen_handler)
 .gen_handler   0x9fc01180       0x10 C:/Program Files (x86)/Microchip/MPLAB C32 Suite/bin/../lib/gcc/pic32mx/3.4.4/../../../../pic32mx/lib/crt0.o

.vector_0       0x9fc01200        0x0
 *(.vector_0)
                0x00000001                ASSERT (((_vector_spacing == 0x0) || (SIZEOF (.vector_0) <= (_vector_spacing << 0x5))), function at exception vector 0 too large)

.vector_1       0x9fc01220        0x0
 *(.vector_1)
                0x00000001                ASSERT (((_vector_spacing == 0x0) || (SIZEOF (.vector_1) <= (_vector_spacing << 0x5))), function at exception vector 1 too large)

.vector_2       0x9fc01240        0x0
 *(.vector_2)
                0x00000001                ASSERT (((_vector_spacing == 0x0) || (SIZEOF (.vector_2) <= (_vector_spacing << 0x5))), function at exception vector 2 too large)

.vector_3       0x9fc01260        0x0
 *(.vector_3)
                0x00000001                ASSERT (((_vector_spacing == 0x0) || (SIZEOF (.vector_3) <= (_vector_spacing << 0x5))), function at exception vector 3 too large)

.vector_4       0x9fc01280        0x0
 *(.vector_4)
                0x00000001                ASSERT (((_vector_spacing == 0x0) || (SIZEOF (.vector_4) <= (_vector_spacing << 0x5))), function at exception vector 4 too large)

.vector_5       0x9fc012a0        0x0
 *(.vector_5)
                0x00000001                ASSERT (((_vector_spacing == 0x0) || (SIZEOF (.vector_5) <= (_vector_spacing << 0x5))), function at exception vector 5 too large)

.vector_6       0x9fc012c0        0x0
 *(.vector_6)
                0x00000001                ASSERT (((_vector_spacing == 0x0) || (SIZEOF (.vector_6) <= (_vector_spacing << 0x5))), function at exception vector 6 too large)

.vector_7       0x9fc012e0        0x0
 *(.vector_7)
                0x00000001                ASSERT (((_vector_spacing == 0x0) || (SIZEOF (.vector_7) <= (_vector_spacing << 0x5))), function at exception vector 7 too large)

.vector_8       0x9fc01300        0x8
 *(.vector_8)
 .vector_8      0x9fc01300        0x8 Objects\C32\Mouse_demo.o
                0x00000001                ASSERT (((_vector_spacing == 0x0) || (SIZEOF (.vector_8) <= (_vector_spacing << 0x5))), function at exception vector 8 too large)

.vector_9       0x9fc01320        0x0
 *(.vector_9)
                0x00000001                ASSERT (((_vector_spacing == 0x0) || (SIZEOF (.vector_9) <= (_vector_spacing << 0x5))), function at exception vector 9 too large)

.vector_10      0x9fc01340        0x0
 *(.vector_10)
                0x00000001                ASSERT (((_vector_spacing == 0x0) || (SIZEOF (.vector_10) <= (_vector_spacing << 0x5))), function at exception vector 10 too large)

.vector_11      0x9fc01360        0x0
 *(.vector_11)
                0x00000001                ASSERT (((_vector_spacing == 0x0) || (SIZEOF (.vector_11) <= (_vector_spacing << 0x5))), function at exception vector 11 too large)

.vector_12      0x9fc01380        0x0
 *(.vector_12)
                0x00000001                ASSERT (((_vector_spacing == 0x0) || (SIZEOF (.vector_12) <= (_vector_spacing << 0x5))), function at exception vector 12 too large)

.vector_13      0x9fc013a0        0x0
 *(.vector_13)
                0x00000001                ASSERT (((_vector_spacing == 0x0) || (SIZEOF (.vector_13) <= (_vector_spacing << 0x5))), function at exception vector 13 too large)

.vector_14      0x9fc013c0        0x0
 *(.vector_14)
                0x00000001                ASSERT (((_vector_spacing == 0x0) || (SIZEOF (.vector_14) <= (_vector_spacing << 0x5))), function at exception vector 14 too large)

.vector_15      0x9fc013e0        0x0
 *(.vector_15)
                0x00000001                ASSERT (((_vector_spacing == 0x0) || (SIZEOF (.vector_15) <= (_vector_spacing << 0x5))), function at exception vector 15 too large)

.vector_16      0x9fc01400        0x0
 *(.vector_16)
                0x00000001                ASSERT (((_vector_spacing == 0x0) || (SIZEOF (.vector_16) <= (_vector_spacing << 0x5))), function at exception vector 16 too large)

.vector_17      0x9fc01420        0x0
 *(.vector_17)
                0x00000001                ASSERT (((_vector_spacing == 0x0) || (SIZEOF (.vector_17) <= (_vector_spacing << 0x5))), function at exception vector 17 too large)

.vector_18      0x9fc01440        0x0
 *(.vector_18)
                0x00000001                ASSERT (((_vector_spacing == 0x0) || (SIZEOF (.vector_18) <= (_vector_spacing << 0x5))), function at exception vector 18 too large)

.vector_19      0x9fc01460        0x0
 *(.vector_19)
                0x00000001                ASSERT (((_vector_spacing == 0x0) || (SIZEOF (.vector_19) <= (_vector_spacing << 0x5))), function at exception vector 19 too large)

.vector_20      0x9fc01480        0x0
 *(.vector_20)
                0x00000001                ASSERT (((_vector_spacing == 0x0) || (SIZEOF (.vector_20) <= (_vector_spacing << 0x5))), function at exception vector 20 too large)

.vector_21      0x9fc014a0        0x0
 *(.vector_21)
                0x00000001                ASSERT (((_vector_spacing == 0x0) || (SIZEOF (.vector_21) <= (_vector_spacing << 0x5))), function at exception vector 21 too large)

.vector_22      0x9fc014c0        0x0
 *(.vector_22)
                0x00000001                ASSERT (((_vector_spacing == 0x0) || (SIZEOF (.vector_22) <= (_vector_spacing << 0x5))), function at exception vector 22 too large)

.vector_23      0x9fc014e0        0x0
 *(.vector_23)
                0x00000001                ASSERT (((_vector_spacing == 0x0) || (SIZEOF (.vector_23) <= (_vector_spacing << 0x5))), function at exception vector 23 too large)

.vector_24      0x9fc01500        0x0
 *(.vector_24)
                0x00000001                ASSERT (((_vector_spacing == 0x0) || (SIZEOF (.vector_24) <= (_vector_spacing << 0x5))), function at exception vector 24 too large)

.vector_25      0x9fc01520        0x0
 *(.vector_25)
                0x00000001                ASSERT (((_vector_spacing == 0x0) || (SIZEOF (.vector_25) <= (_vector_spacing << 0x5))), function at exception vector 25 too large)

.vector_26      0x9fc01540        0x0
 *(.vector_26)
                0x00000001                ASSERT (((_vector_spacing == 0x0) || (SIZEOF (.vector_26) <= (_vector_spacing << 0x5))), function at exception vector 26 too large)

.vector_27      0x9fc01560        0x0
 *(.vector_27)
                0x00000001                ASSERT (((_vector_spacing == 0x0) || (SIZEOF (.vector_27) <= (_vector_spacing << 0x5))), function at exception vector 27 too large)

.vector_28      0x9fc01580        0x0
 *(.vector_28)
                0x00000001                ASSERT (((_vector_spacing == 0x0) || (SIZEOF (.vector_28) <= (_vector_spacing << 0x5))), function at exception vector 28 too large)

.vector_29      0x9fc015a0        0x0
 *(.vector_29)
                0x00000001                ASSERT (((_vector_spacing == 0x0) || (SIZEOF (.vector_29) <= (_vector_spacing << 0x5))), function at exception vector 29 too large)

.vector_30      0x9fc015c0        0x0
 *(.vector_30)
                0x00000001                ASSERT (((_vector_spacing == 0x0) || (SIZEOF (.vector_30) <= (_vector_spacing << 0x5))), function at exception vector 30 too large)

.vector_31      0x9fc015e0        0x0
 *(.vector_31)
                0x00000001                ASSERT (((_vector_spacing == 0x0) || (SIZEOF (.vector_31) <= (_vector_spacing << 0x5))), function at exception vector 31 too large)

.vector_32      0x9fc01600        0x0
 *(.vector_32)
                0x00000001                ASSERT (((_vector_spacing == 0x0) || (SIZEOF (.vector_32) <= (_vector_spacing << 0x5))), function at exception vector 32 too large)

.vector_33      0x9fc01620        0x0
 *(.vector_33)
                0x00000001                ASSERT (((_vector_spacing == 0x0) || (SIZEOF (.vector_33) <= (_vector_spacing << 0x5))), function at exception vector 33 too large)

.vector_34      0x9fc01640        0x0
 *(.vector_34)
                0x00000001                ASSERT (((_vector_spacing == 0x0) || (SIZEOF (.vector_34) <= (_vector_spacing << 0x5))), function at exception vector 34 too large)

.vector_35      0x9fc01660        0x0
 *(.vector_35)
                0x00000001                ASSERT (((_vector_spacing == 0x0) || (SIZEOF (.vector_35) <= (_vector_spacing << 0x5))), function at exception vector 35 too large)

.vector_36      0x9fc01680        0x0
 *(.vector_36)
                0x00000001                ASSERT (((_vector_spacing == 0x0) || (SIZEOF (.vector_36) <= (_vector_spacing << 0x5))), function at exception vector 36 too large)

.vector_37      0x9fc016a0        0x0
 *(.vector_37)
                0x00000001                ASSERT (((_vector_spacing == 0x0) || (SIZEOF (.vector_37) <= (_vector_spacing << 0x5))), function at exception vector 37 too large)

.vector_38      0x9fc016c0        0x0
 *(.vector_38)
                0x00000001                ASSERT (((_vector_spacing == 0x0) || (SIZEOF (.vector_38) <= (_vector_spacing << 0x5))), function at exception vector 38 too large)

.vector_39      0x9fc016e0        0x0
 *(.vector_39)
                0x00000001                ASSERT (((_vector_spacing == 0x0) || (SIZEOF (.vector_39) <= (_vector_spacing << 0x5))), function at exception vector 39 too large)

.vector_40      0x9fc01700        0x0
 *(.vector_40)
                0x00000001                ASSERT (((_vector_spacing == 0x0) || (SIZEOF (.vector_40) <= (_vector_spacing << 0x5))), function at exception vector 40 too large)

.vector_41      0x9fc01720        0x0
 *(.vector_41)
                0x00000001                ASSERT (((_vector_spacing == 0x0) || (SIZEOF (.vector_41) <= (_vector_spacing << 0x5))), function at exception vector 41 too large)

.vector_42      0x9fc01740        0x0
 *(.vector_42)
                0x00000001                ASSERT (((_vector_spacing == 0x0) || (SIZEOF (.vector_42) <= (_vector_spacing << 0x5))), function at exception vector 42 too large)

.vector_43      0x9fc01760        0x0
 *(.vector_43)
                0x00000001                ASSERT (((_vector_spacing == 0x0) || (SIZEOF (.vector_43) <= (_vector_spacing << 0x5))), function at exception vector 43 too large)

.vector_44      0x9fc01780        0x0
 *(.vector_44)
                0x00000001                ASSERT (((_vector_spacing == 0x0) || (SIZEOF (.vector_44) <= (_vector_spacing << 0x5))), function at exception vector 44 too large)

.vector_45      0x9fc017a0        0x8
 *(.vector_45)
 .vector_45     0x9fc017a0        0x8 Objects\C32\usb_host.o
                0x00000001                ASSERT (((_vector_spacing == 0x0) || (SIZEOF (.vector_45) <= (_vector_spacing << 0x5))), function at exception vector 45 too large)

.vector_46      0x9fc017c0        0x0
 *(.vector_46)
                0x00000001                ASSERT (((_vector_spacing == 0x0) || (SIZEOF (.vector_46) <= (_vector_spacing << 0x5))), function at exception vector 46 too large)

.vector_47      0x9fc017e0        0x0
 *(.vector_47)
                0x00000001                ASSERT (((_vector_spacing == 0x0) || (SIZEOF (.vector_47) <= (_vector_spacing << 0x5))), function at exception vector 47 too large)

.vector_48      0x9fc01800        0x0
 *(.vector_48)
                0x00000001                ASSERT (((_vector_spacing == 0x0) || (SIZEOF (.vector_48) <= (_vector_spacing << 0x5))), function at exception vector 48 too large)

.vector_49      0x9fc01820        0x0
 *(.vector_49)
                0x00000001                ASSERT (((_vector_spacing == 0x0) || (SIZEOF (.vector_49) <= (_vector_spacing << 0x5))), function at exception vector 49 too large)

.vector_50      0x9fc01840        0x0
 *(.vector_50)
                0x00000001                ASSERT (((_vector_spacing == 0x0) || (SIZEOF (.vector_50) <= (_vector_spacing << 0x5))), function at exception vector 50 too large)

.vector_51      0x9fc01860        0x0
 *(.vector_51)
                0x00000001                ASSERT (((_vector_spacing == 0x0) || (SIZEOF (.vector_51) <= (_vector_spacing << 0x5))), function at exception vector 51 too large)

.vector_52      0x9fc01880        0x0
 *(.vector_52)
                0x00000001                ASSERT (((_vector_spacing == 0x0) || (SIZEOF (.vector_52) <= (_vector_spacing << 0x5))), function at exception vector 52 too large)

.vector_53      0x9fc018a0        0x0
 *(.vector_53)
                0x00000001                ASSERT (((_vector_spacing == 0x0) || (SIZEOF (.vector_53) <= (_vector_spacing << 0x5))), function at exception vector 53 too large)

.vector_54      0x9fc018c0        0x0
 *(.vector_54)
                0x00000001                ASSERT (((_vector_spacing == 0x0) || (SIZEOF (.vector_54) <= (_vector_spacing << 0x5))), function at exception vector 54 too large)

.vector_55      0x9fc018e0        0x0
 *(.vector_55)
                0x00000001                ASSERT (((_vector_spacing == 0x0) || (SIZEOF (.vector_55) <= (_vector_spacing << 0x5))), function at exception vector 55 too large)

.vector_56      0x9fc01900        0x0
 *(.vector_56)
                0x00000001                ASSERT (((_vector_spacing == 0x0) || (SIZEOF (.vector_56) <= (_vector_spacing << 0x5))), function at exception vector 56 too large)

.vector_57      0x9fc01920        0x0
 *(.vector_57)
                0x00000001                ASSERT (((_vector_spacing == 0x0) || (SIZEOF (.vector_57) <= (_vector_spacing << 0x5))), function at exception vector 57 too large)

.vector_58      0x9fc01940        0x0
 *(.vector_58)
                0x00000001                ASSERT (((_vector_spacing == 0x0) || (SIZEOF (.vector_58) <= (_vector_spacing << 0x5))), function at exception vector 58 too large)

.vector_59      0x9fc01960        0x0
 *(.vector_59)
                0x00000001                ASSERT (((_vector_spacing == 0x0) || (SIZEOF (.vector_59) <= (_vector_spacing << 0x5))), function at exception vector 59 too large)

.vector_60      0x9fc01980        0x0
 *(.vector_60)
                0x00000001                ASSERT (((_vector_spacing == 0x0) || (SIZEOF (.vector_60) <= (_vector_spacing << 0x5))), function at exception vector 60 too large)

.vector_61      0x9fc019a0        0x0
 *(.vector_61)
                0x00000001                ASSERT (((_vector_spacing == 0x0) || (SIZEOF (.vector_61) <= (_vector_spacing << 0x5))), function at exception vector 61 too large)

.vector_62      0x9fc019c0        0x0
 *(.vector_62)
                0x00000001                ASSERT (((_vector_spacing == 0x0) || (SIZEOF (.vector_62) <= (_vector_spacing << 0x5))), function at exception vector 62 too large)

.vector_63      0x9fc019e0        0x0
 *(.vector_63)
                0x00000001                ASSERT (((_vector_spacing == 0x0) || (SIZEOF (.vector_63) <= (_vector_spacing << 0x5))), function at exception vector 63 too large)

.startup        0x9fc00490      0x1e0
 *(.startup)
 .startup       0x9fc00490      0x1e0 C:/Program Files (x86)/Microchip/MPLAB C32 Suite/bin/../lib/gcc/pic32mx/3.4.4/../../../../pic32mx/lib/crt0.o

.text           0x9d000000    0x10754
                0x9d000000                _text_begin = .
 *(.text .stub .text.* .gnu.linkonce.t.*)
 .text          0x9d000000       0x10 C:/Program Files (x86)/Microchip/MPLAB C32 Suite/bin/../lib/gcc/pic32mx/3.4.4/../../../../pic32mx/lib/crt0.o
                0x9d000008                __crt0_exit
 .text          0x9d000010     0x5fc4 Objects\C32\usb_host.o
                0x9d000010                USBHostClearEndpointErrors
                0x9d0000d0                USBHostDeviceSpecificClientDriver
                0x9d00010c                USBHostDeviceStatus
                0x9d0001e4                USBHostInit
                0x9d0002c8                USBHostIssueDeviceRequest
                0x9d000618                USBHostRead
                0x9d0007bc                USBHostResetDevice
                0x9d00083c                USBHostResumeDevice
                0x9d0008c4                USBHostSetDeviceConfiguration
                0x9d0009a0                USBHostSetNAKTimeout
                0x9d000a6c                USBHostShutdown
                0x9d000b0c                USBHostSuspendDevice
                0x9d000ba4                USBHostTasks
                0x9d0028ac                USBHostTerminateTransfer
                0x9d002948                USBHostTransferIsComplete
                0x9d002abc                USBHostVbusEvent
                0x9d002b7c                USBHostWrite
                0x9d002d20                _USB_CheckCommandAndEnumerationAttempts
                0x9d002dd8                _USB_FindClassDriver
                0x9d002f08                _USB_FindDeviceLevelClientDriver
                0x9d0031a0                _USB_FindEndpoint
                0x9d003278                _USB_FindNextToken
                0x9d003aac                _USB_FindServiceEndpoint
                0x9d003ca4                _USB_FreeConfigMemory
                0x9d003e08                _USB_FreeMemory
                0x9d003edc                _USB_InitControlRead
                0x9d003fe8                _USB_InitControlWrite
                0x9d004114                _USB_InitRead
                0x9d004240                _USB_InitWrite
                0x9d00436c                _USB_NotifyClients
                0x9d0044b0                _USB_ParseConfigurationDescriptor
                0x9d004cc4                _USB_ResetDATA0
                0x9d004dd0                _USB_SendToken
                0x9d004ed0                _USB_SetBDT
                0x9d00523c                _USB_TransferInProgress
                0x9d005344                _USB1Interrupt
 .text          0x9d005fd4     0x2474 Objects\C32\usb_host_hid_parser.o
                0x9d005fd4                _USBHostHID_Parse_Report
                0x9d0080e8                USBHostHID_HasUsage
 .text          0x9d008448     0x2f4c Objects\C32\usb_host_hid.o
                0x9d008448                USBHostHIDDeviceDetect
                0x9d008520                USBHostHIDDeviceStatus
                0x9d0086d8                USBHostHIDResetDevice
                0x9d008854                USBHostHIDResetDeviceWithWait
                0x9d008930                USBHostHIDTasks
                0x9d00982c                USBHostHIDTerminateTransfer
                0x9d009970                USBHostHIDTransfer
                0x9d009eb4                USBHostHIDTransferIsComplete
                0x9d009ffc                USBHostHID_ApiFindBit
                0x9d00a2a8                USBHostHID_ApiFindValue
                0x9d00a5a0                USBHostHID_ApiGetCurrentInterfaceNum
                0x9d00a5cc                USBHostHID_ApiImportData
                0x9d00a8fc                USBHostHIDEventHandler
                0x9d00aa94                USBHostHIDInitialize
                0x9d00b03c                _USBHostHID_FreeRptDecriptorDataMem
                0x9d00b16c                _USBHostHID_ResetStateJump
 .text          0x9d00b394     0x1ce8 Objects\C32\Mouse_demo.o
                0x9d00b394                mouse_x_position
                0x9d00b3cc                mouse_y_position
                0x9d00b404                set_mouse_x_position
                0x9d00b438                set_mouse_y_position
                0x9d00b46c                addNewOctagon
                0x9d00b520                rollOctagon
                0x9d00b5d4                stopRollOctagon
                0x9d00b63c                deleteOldestOctagon
                0x9d00b710                sendTimeandMouse
                0x9d00b7e0                sendLifeAndScore
                0x9d00b884                sendRestart
                0x9d00b8ec                sendGameOver
                0x9d00b958                loadTargets
                0x9d00baf0                startGame
                0x9d00bc24                is_mouse_in_target
                0x9d00bd20                gameOverLoop
                0x9d00bd5c                gameLoop
                0x9d00c3c0                mouse_actions
                0x9d00c59c                main
                0x9d00c85c                T2_IntHandler
                0x9d00c938                App_ProcessInputReport
                0x9d00ca5c                USB_ApplicationEventHandler
                0x9d00cc18                App_DATA2ASCII
                0x9d00cca8                App_Detect_Device
                0x9d00cce8                USB_HID_DataCollectionHandler
 .text          0x9d00d07c      0x168 C:/Program Files (x86)/Microchip/MPLAB C32 Suite/bin/../lib/gcc/pic32mx/3.4.4/../../../../pic32mx/lib\libc.a(memcpy.o)
                0x9d00d07c                memcpy
 .text.general_exception
                0x9d00d1e4       0xd0 C:/Program Files (x86)/Microchip/MPLAB C32 Suite/bin/../lib/gcc/pic32mx/3.4.4/../../../../pic32mx/lib\libc.a(general-exception.o)
                0x9d00d1e4                _general_exception_context
 .text.malloc   0x9d00d2b4      0x2a4 C:/Program Files (x86)/Microchip/MPLAB C32 Suite/bin/../lib/gcc/pic32mx/3.4.4/../../../../pic32mx/lib\libc.a(malloc.o)
                0x9d00d2b4                malloc
 .text.free     0x9d00d558       0x18 C:/Program Files (x86)/Microchip/MPLAB C32 Suite/bin/../lib/gcc/pic32mx/3.4.4/../../../../pic32mx/lib\libc.a(malloc.o)
                0x9d00d558                free
 .text._stub_sbd_memlayout
                0x9d00d570       0x2c C:/Program Files (x86)/Microchip/MPLAB C32 Suite/bin/../lib/gcc/pic32mx/3.4.4/../../../../pic32mx/lib\libc.a(sbrk.o)
                0x9d00d570                _sbd_memlayout
                0x9d00d570                _stub_sbd_memlayout
 .text._sbrk_init
                0x9d00d59c      0x158 C:/Program Files (x86)/Microchip/MPLAB C32 Suite/bin/../lib/gcc/pic32mx/3.4.4/../../../../pic32mx/lib\libc.a(sbrk.o)
                0x9d00d59c                _sbrk_init
 .text._sbrk    0x9d00d6f4       0xbc C:/Program Files (x86)/Microchip/MPLAB C32 Suite/bin/../lib/gcc/pic32mx/3.4.4/../../../../pic32mx/lib\libc.a(sbrk.o)
                0x9d00d6f4                _sbrk
 .text.sbrk     0x9d00d7b0       0x74 C:/Program Files (x86)/Microchip/MPLAB C32 Suite/bin/../lib/gcc/pic32mx/3.4.4/../../../../pic32mx/lib\libc.a(sbrk.o)
                0x9d00d7b0                sbrk
 .text._general_exception_handler
                0x9d00d824        0x8 C:/Program Files (x86)/Microchip/MPLAB C32 Suite/bin/../lib/gcc/pic32mx/3.4.4/../../../../pic32mx/lib\libc.a(default-general-exception-handler.o)
                0x9d00d824                _general_exception_handler
 .text._bootstrap_exception_handler
                0x9d00d82c        0x8 C:/Program Files (x86)/Microchip/MPLAB C32 Suite/bin/../lib/gcc/pic32mx/3.4.4/../../../../pic32mx/lib\libc.a(default-bootstrap-exception-handler.o)
                0x9d00d82c                _bootstrap_exception_handler
 .text._on_reset
                0x9d00d834        0x8 C:/Program Files (x86)/Microchip/MPLAB C32 Suite/bin/../lib/gcc/pic32mx/3.4.4/../../../../pic32mx/lib\libc.a(default-on-reset.o)
                0x9d00d834                _on_reset
 .text._on_bootstrap
                0x9d00d83c        0x8 C:/Program Files (x86)/Microchip/MPLAB C32 Suite/bin/../lib/gcc/pic32mx/3.4.4/../../../../pic32mx/lib\libc.a(default-on-bootstrap.o)
                0x9d00d83c                _on_bootstrap
 .text          0x9d00d844       0x18 C:/Program Files (x86)/Microchip/MPLAB C32 Suite/bin/../lib/gcc/pic32mx/3.4.4/../../../../pic32mx/lib\libc.a(default-nmi-handler.o)
                0x9d00d844                _nmi_handler
 .text          0x9d00d85c       0xa8 C:/Program Files (x86)/Microchip/MPLAB C32 Suite/bin/../lib/gcc/pic32mx/3.4.4/../../../../pic32mx/lib\libc.a(memset.o)
                0x9d00d85c                memset
 .text.powf     0x9d00d904      0x190 C:/Program Files (x86)/Microchip/MPLAB C32 Suite/bin/../lib/gcc/pic32mx/3.4.4/../../../../pic32mx/lib\libm.a(w_powf.o)
                0x9d00d904                powf
 .text          0x9d00da94     0x1128 C:/Program Files (x86)/Microchip/MPLAB C32 Suite/bin/../lib/gcc/pic32mx/3.4.4/../../../../pic32mx/lib\libm.a(dp32.o)
                0x9d00da94                dpsub
                0x9d00da94                __subdf3
                0x9d00da9c                dpadd
                0x9d00da9c                __adddf3
                0x9d00dec0                __muldf3
                0x9d00dec0                dpmul
                0x9d00e1e8                dpdiv
                0x9d00e1e8                __divdf3
                0x9d00e69c                litodp
                0x9d00e69c                __floatsidf
                0x9d00e710                ultodp
                0x9d00e760                __extendsfdf2
                0x9d00e760                fptodp
                0x9d00e804                dptofp
                0x9d00e804                __truncdfsf2
                0x9d00e8fc                dptoli
                0x9d00e8fc                __fixdfsi
                0x9d00e984                dptoul
                0x9d00e984                __fixunsdfsi
                0x9d00ea08                __ltdf2
                0x9d00ea08                __gtdf2
                0x9d00ea08                __eqdf2
                0x9d00ea08                __gedf2
                0x9d00ea08                __ledf2
                0x9d00ea08                __nedf2
                0x9d00ea08                dpcmp
                0x9d00eb2c                __negdf2
                0x9d00eb44                dpfabs
                0x9d00eb44                fabs
                0x9d00eb60                dpnan
                0x9d00eb60                nan
 .text          0x9d00ebbc      0x8ec C:/Program Files (x86)/Microchip/MPLAB C32 Suite/bin/../lib/gcc/pic32mx/3.4.4/../../../../pic32mx/lib\libm.a(fp32.o)
                0x9d00ebbc                fpsub
                0x9d00ebbc                __subsf3
                0x9d00ebc4                __addsf3
                0x9d00ebc4                fpadd
                0x9d00ee30                __mulsf3
                0x9d00ee30                fpmul
                0x9d00efe8                fpdiv
                0x9d00efe8                __divsf3
                0x9d00f214                sitofp
                0x9d00f214                litofp
                0x9d00f214                __floatsisf
                0x9d00f270                ultofp
                0x9d00f270                uitofp
                0x9d00f2bc                fptosi
                0x9d00f2bc                fptoli
                0x9d00f2bc                __fixsfsi
                0x9d00f334                fptoui
                0x9d00f334                __fixunssfsi
                0x9d00f334                fptoul
                0x9d00f3a8                __nesf2
                0x9d00f3a8                fpcmp
                0x9d00f3a8                __eqsf2
                0x9d00f3a8                __gesf2
                0x9d00f3a8                __ltsf2
                0x9d00f3a8                __gtsf2
                0x9d00f3a8                __lesf2
                0x9d00f43c                fpfabs
                0x9d00f43c                fabsf
                0x9d00f44c                __negsf2
                0x9d00f45c                fpnan
                0x9d00f45c                nanf
 .text          0x9d00f4a8      0x3dc C:/Program Files (x86)/Microchip/MPLAB C32 Suite/bin/../lib/gcc/pic32mx/3.4.4/../../../../pic32mx/lib\libm.a(fpmod32.o)
                0x9d00f4a8                fpfmod
                0x9d00f4a8                fmodf
                0x9d00f5ec                fpfrexp
                0x9d00f5ec                frexpf
                0x9d00f670                fpldexp
                0x9d00f670                __mchp_ldexpf
                0x9d00f7b4                fpmodf
                0x9d00f7b4                modff
 .text          0x9d00f884      0x404 C:/Program Files (x86)/Microchip/MPLAB C32 Suite/bin/../lib/gcc/pic32mx/3.4.4/../../../../pic32mx/lib\libm.a(fppow32.o)
                0x9d00f884                fppow
                0x9d00f884                __mchp_powf
 .text          0x9d00fc88      0x45c C:/Program Files (x86)/Microchip/MPLAB C32 Suite/bin/../lib/gcc/pic32mx/3.4.4/../../../../pic32mx/lib\libm.a(fplog32.o)
                0x9d00fc88                fpexlog
                0x9d00ff38                __mchp_logf
                0x9d00ff38                fplog
                0x9d00fff8                fplog10
                0x9d00fff8                __mchp_log10f
 .text          0x9d0100e4      0x200 C:/Program Files (x86)/Microchip/MPLAB C32 Suite/bin/../lib/gcc/pic32mx/3.4.4/../../../../pic32mx/lib\libm.a(fpexp32.o)
                0x9d0100e4                fpexexp
                0x9d0101fc                fpexp
                0x9d0101fc                __mchp_expf
 .text.CheKseg0CacheOn
                0x9d0102e4       0x18 C:/Program Files (x86)/Microchip/MPLAB C32 Suite/bin/../lib/gcc/pic32mx/3.4.4/../../../../pic32mx/lib\libmchp_peripheral_32MX675F512H.a(pcache.o)
                0x9d0102e4                CheKseg0CacheOn
 .text.INTConfigureSystem
                0x9d0102fc       0x34 C:/Program Files (x86)/Microchip/MPLAB C32 Suite/bin/../lib/gcc/pic32mx/3.4.4/../../../../pic32mx/lib\libmchp_peripheral_32MX675F512H.a(int_configure_system_lib.o)
                0x9d0102fc                INTConfigureSystem
 .text.INTEnableInterrupts
                0x9d010330        0x8 C:/Program Files (x86)/Microchip/MPLAB C32 Suite/bin/../lib/gcc/pic32mx/3.4.4/../../../../pic32mx/lib\libmchp_peripheral_32MX675F512H.a(int_enable_interrupts_lib.o)
                0x9d010330                INTEnableInterrupts
 .text.INTDisableInterrupts
                0x9d010338        0x8 C:/Program Files (x86)/Microchip/MPLAB C32 Suite/bin/../lib/gcc/pic32mx/3.4.4/../../../../pic32mx/lib\libmchp_peripheral_32MX675F512H.a(int_disable_interrupts_lib.o)
                0x9d010338                INTDisableInterrupts
 .text.INTRestoreInterrupts
                0x9d010340       0x1c C:/Program Files (x86)/Microchip/MPLAB C32 Suite/bin/../lib/gcc/pic32mx/3.4.4/../../../../pic32mx/lib\libmchp_peripheral_32MX675F512H.a(int_restore_interrupts_lib.o)
                0x9d010340                INTRestoreInterrupts
 .text.INTEnableSystemMultiVectoredInt
                0x9d01035c       0x34 C:/Program Files (x86)/Microchip/MPLAB C32 Suite/bin/../lib/gcc/pic32mx/3.4.4/../../../../pic32mx/lib\libmchp_peripheral_32MX675F512H.a(int_enable_mv_int_lib.o)
                0x9d01035c                INTEnableSystemMultiVectoredInt
 .text.INTClearFlag
                0x9d010390       0x2c C:/Program Files (x86)/Microchip/MPLAB C32 Suite/bin/../lib/gcc/pic32mx/3.4.4/../../../../pic32mx/lib\libmchp_peripheral_32MX675F512H.a(int_tbl_lib.o)
                0x9d010390                INTClearFlag
 .text.INTEnable
                0x9d0103bc       0x44 C:/Program Files (x86)/Microchip/MPLAB C32 Suite/bin/../lib/gcc/pic32mx/3.4.4/../../../../pic32mx/lib\libmchp_peripheral_32MX675F512H.a(int_tbl_lib.o)
                0x9d0103bc                INTEnable
 .text.INTSetVectorPriority
                0x9d010400       0x40 C:/Program Files (x86)/Microchip/MPLAB C32 Suite/bin/../lib/gcc/pic32mx/3.4.4/../../../../pic32mx/lib\libmchp_peripheral_32MX675F512H.a(int_tbl_lib.o)
                0x9d010400                INTSetVectorPriority
 .text.INTSetVectorSubPriority
                0x9d010440       0x40 C:/Program Files (x86)/Microchip/MPLAB C32 Suite/bin/../lib/gcc/pic32mx/3.4.4/../../../../pic32mx/lib\libmchp_peripheral_32MX675F512H.a(int_tbl_lib.o)
                0x9d010440                INTSetVectorSubPriority
 .text.SpiChnGetC
                0x9d010480       0x58 C:/Program Files (x86)/Microchip/MPLAB C32 Suite/bin/../lib/gcc/pic32mx/3.4.4/../../../../pic32mx/lib\libmchp_peripheral_32MX675F512H.a(spi_chn_getc_lib.o)
                0x9d010480                SpiChnGetC
 .text.SpiChnOpen
                0x9d0104d8      0x154 C:/Program Files (x86)/Microchip/MPLAB C32 Suite/bin/../lib/gcc/pic32mx/3.4.4/../../../../pic32mx/lib\libmchp_peripheral_32MX675F512H.a(spi_chn_open_lib.o)
                0x9d0104d8                SpiChnOpen
 .text.SpiChnPutC
                0x9d01062c       0x58 C:/Program Files (x86)/Microchip/MPLAB C32 Suite/bin/../lib/gcc/pic32mx/3.4.4/../../../../pic32mx/lib\libmchp_peripheral_32MX675F512H.a(spi_chn_putc_lib.o)
                0x9d01062c                SpiChnPutC
 .text.SpiChnIsBusy
                0x9d010684       0x20 C:/Program Files (x86)/Microchip/MPLAB C32 Suite/bin/../lib/gcc/pic32mx/3.4.4/../../../../pic32mx/lib\libmchp_peripheral_32MX675F512H.a(spi_chn_is_busy_lib.o)
                0x9d010684                SpiChnIsBusy
 .text.PORTSetPinsDigitalIn
                0x9d0106a4       0x40 C:/Program Files (x86)/Microchip/MPLAB C32 Suite/bin/../lib/gcc/pic32mx/3.4.4/../../../../pic32mx/lib\libmchp_peripheral_32MX675F512H.a(port_set_pins_digital_in_lib.o)
                0x9d0106a4                PORTSetPinsDigitalIn
 .text.PORTSetPinsDigitalOut
                0x9d0106e4       0x40 C:/Program Files (x86)/Microchip/MPLAB C32 Suite/bin/../lib/gcc/pic32mx/3.4.4/../../../../pic32mx/lib\libmchp_peripheral_32MX675F512H.a(port_set_pins_digital_out_lib.o)
                0x9d0106e4                PORTSetPinsDigitalOut
 .text.isinf    0x9d010724       0x30 C:/Program Files (x86)/Microchip/MPLAB C32 Suite/bin/../lib/gcc/pic32mx/3.4.4/../../../../pic32mx/lib\libc.a(isinf.o)
                0x9d010724                isinf
 *(.text.*personality*)
 *(.gnu.warning)
 *(.mips16.fn.*)
 *(.mips16.call.*)
                0x9d010754                _text_end = .

.rodata         0x9d010754      0xb08
 *(.rodata .rodata.* .gnu.linkonce.r.*)
 .rodata        0x9d010754      0x14c Objects\C32\usb_host.o
 .rodata        0x9d0108a0       0xa8 Objects\C32\usb_host_hid_parser.o
 .rodata        0x9d010948       0x14 Objects\C32\usb_host_hid.o
 .rodata        0x9d01095c       0x1c Objects\C32\Mouse_demo.o
 .rodata.cst4   0x9d010978        0x4 C:/Program Files (x86)/Microchip/MPLAB C32 Suite/bin/../lib/gcc/pic32mx/3.4.4/../../../../pic32mx/lib\libc.a(malloc.o)
 .rodata.cst4   0x9d01097c        0x4 C:/Program Files (x86)/Microchip/MPLAB C32 Suite/bin/../lib/gcc/pic32mx/3.4.4/../../../../pic32mx/lib\libm.a(w_powf.o)
 .rodata.__IntVectorTbl
                0x9d010980      0x2b8 C:/Program Files (x86)/Microchip/MPLAB C32 Suite/bin/../lib/gcc/pic32mx/3.4.4/../../../../pic32mx/lib\libmchp_peripheral_32MX675F512H.a(int_tbl_lib.o)
                0x9d010980                __IntVectorTbl
 .rodata.__IntSrcTbl
                0x9d010c38      0x51c C:/Program Files (x86)/Microchip/MPLAB C32 Suite/bin/../lib/gcc/pic32mx/3.4.4/../../../../pic32mx/lib\libmchp_peripheral_32MX675F512H.a(int_tbl_lib.o)
                0x9d010c38                __IntSrcTbl
 .rodata._SpiIoTbl
                0x9d011154       0xa0 C:/Program Files (x86)/Microchip/MPLAB C32 Suite/bin/../lib/gcc/pic32mx/3.4.4/../../../../pic32mx/lib\libmchp_peripheral_32MX675F512H.a(spi_io_tbl_libp.o)
                0x9d011154                _SpiIoTbl
 .rodata._SpiMapTbl
                0x9d0111f4       0x14 C:/Program Files (x86)/Microchip/MPLAB C32 Suite/bin/../lib/gcc/pic32mx/3.4.4/../../../../pic32mx/lib\libmchp_peripheral_32MX675F512H.a(spi_map_tbl_libp.o)
                0x9d0111f4                _SpiMapTbl
 .rodata.PortRegTbl
                0x9d011208       0x54 C:/Program Files (x86)/Microchip/MPLAB C32 Suite/bin/../lib/gcc/pic32mx/3.4.4/../../../../pic32mx/lib\libmchp_peripheral_32MX675F512H.a(_ports_tbl_libp.o)
                0x9d011208                PortRegTbl
 *(.rodata1)
                0x9d01125c                . = ALIGN (0x4)

.sdata2         0x9d01125c        0x0
 *(.sdata2 .sdata2.* .gnu.linkonce.s2.*)
                0x9d01125c                . = ALIGN (0x4)

.sbss2          0x9d01125c        0x0
 *(.sbss2 .sbss2.* .gnu.linkonce.sb2.*)
                0x9d01125c                . = ALIGN (0x4)

.eh_frame_hdr
 *(.eh_frame_hdr)

.eh_frame
 *(.eh_frame)

.dbg_data       0xa0000000      0x200
                0xa0000000                . = (. + DEFINED (_DEBUGGER)?0x200:0x0)
 *fill*         0xa0000000      0x200 00

.persist        0xa0000200        0x0
                0xa0000200                _persist_begin = .
 *(.persist .persist.*)
                0xa0000200                _persist_end = .

.data           0xa0000200       0xb8 load address 0x9d01125c
                0xa0000200                _data_begin = .
 *(.data .data.* .gnu.linkonce.d.*)
 .data          0xa0000200        0xc Objects\C32\usb_config.o
                0xa0000200                usbClientDrvTable
 .data.math_errhandling_flag
                0xa000020c        0x4 C:/Program Files (x86)/Microchip/MPLAB C32 Suite/bin/../lib/gcc/pic32mx/3.4.4/../../../../pic32mx/lib\libm.a(s_lib_ver.o)
                0xa000020c                math_errhandling
 .data          0xa0000210       0x8c C:/Program Files (x86)/Microchip/MPLAB C32 Suite/bin/../lib/gcc/pic32mx/3.4.4/../../../../pic32mx/lib\libm.a(fplog32.o)
 .data          0xa000029c       0x1c C:/Program Files (x86)/Microchip/MPLAB C32 Suite/bin/../lib/gcc/pic32mx/3.4.4/../../../../pic32mx/lib\libm.a(fpexp32.o)
 *(.gnu.linkonce.d.*personality*)
 *(.data1)
                0x9d01125c                _data_image_begin = LOADADDR (.data)

.eh_frame
 *(.eh_frame)
                0xa00002b8                . = .
                0xa00082b0                _gp = (ALIGN (0x10) + 0x7ff0)

.got
 *(.got.plt)
 *(.got)

.sdata          0xa00002b8        0x8 load address 0x9d011314
                0xa00002b8                _sdata_begin = .
 *(.sdata .sdata.* .gnu.linkonce.s.*)
 .sdata         0xa00002b8        0x8 Objects\C32\usb_config.o
                0xa00002b8                usbTPL
                0xa00002c0                _sdata_end = .

.lit8
 *(.lit8)

.lit4
 *(.lit4)
                0xa00002c0                . = ALIGN (0x4)
                0xa00002c0                _data_end = .
                0xa00002c0                _bss_begin = .

.sbss           0xa00002c0       0xb8 load address 0x9d01131c
                0xa00002c0                _sbss_begin = .
 *(.dynsbss)
 *(.sbss .sbss.* .gnu.linkonce.sb.*)
 .sbss          0xa00002c0       0x28 Objects\C32\usb_host.o
                0xa00002c0                pCurrentConfigurationDescriptor
                0xa00002c4                pDeviceDescriptor
 .sbss          0xa00002e8        0x4 Objects\C32\usb_host_hid_parser.o
                0xa00002e8                parsedDataMem
 .sbss          0xa00002ec        0x8 Objects\C32\usb_host_hid.o
 .sbss          0xa00002f4       0x10 Objects\C32\Mouse_demo.o
                0xa00002f4                App_State_Mouse
                0xa00002f8                LED_Key_Pressed
                0xa00002fc                x_position
                0xa0000300                y_position
 .sbss          0xa0000304       0x10 C:/Program Files (x86)/Microchip/MPLAB C32 Suite/bin/../lib/gcc/pic32mx/3.4.4/../../../../pic32mx/lib\libc.a(malloc.o)
 .sbss          0xa0000314        0xc C:/Program Files (x86)/Microchip/MPLAB C32 Suite/bin/../lib/gcc/pic32mx/3.4.4/../../../../pic32mx/lib\libc.a(sbrk.o)
                0xa0000314                _maxbrk
                0xa0000318                _minbrk
 *(.scommon)
 .scommon       0xa0000320        0x2 Objects\C32\usb_host.o
                0xa0000320                usbOverrideHostState
 *fill*         0xa0000322        0x2 00
 .scommon       0xa0000324       0x50 Objects\C32\Mouse_demo.o
                0xa0000324                start_roll_target
                0xa0000328                roll_score_type
                0xa000032c                FirstKeyPressed
                0xa000032d                ErrorDriver
                0xa0000330                timer
                0xa0000334                is_roll_active
                0xa0000338                NumOfBytesRcvd
                0xa0000339                ErrorCounter
                0xa000033c                send_timer
                0xa0000340                currCharPos
                0xa0000344                Appl_XY_report_buffer
                0xa0000348                next_target
                0xa000034c                next_target_to_appear
                0xa0000350                score
                0xa0000354                end_roll_target
                0xa0000358                is_game_over
                0xa000035c                is_game_active
                0xa0000360                life
                0xa0000364                total_target_count
                0xa0000368                Appl_Button_report_buffer
                0xa000036c                last_button_pressed_state
                0xa0000370                ReportBufferUpdated
 .scommon       0xa0000374        0x4 C:/Program Files (x86)/Microchip/MPLAB C32 Suite/bin/../lib/gcc/pic32mx/3.4.4/../../../../pic32mx/lib\libc.a(errno.o)
                0xa0000374                errno
                0xa0000378                _sbss_end = .

.bss            0xa0000400     0x1af4 load address 0x9d01131c
 *(.dynbss)
 *(.bss .bss.* .gnu.linkonce.b.*)
 .bss           0xa0000400      0x200 Objects\C32\usb_host.o
 .bss           0xa0000600       0x88 Objects\C32\usb_host_hid_parser.o
                0xa0000600                deviceRptInfo
                0xa0000668                itemListPtrs
 .bss           0xa0000688       0x20 Objects\C32\usb_host_hid.o
 .bss           0xa00006a8       0x10 C:/Program Files (x86)/Microchip/MPLAB C32 Suite/bin/../lib/gcc/pic32mx/3.4.4/../../../../pic32mx/lib\libc.a(malloc.o)
 .bss           0xa00006b8       0x18 C:/Program Files (x86)/Microchip/MPLAB C32 Suite/bin/../lib/gcc/pic32mx/3.4.4/../../../../pic32mx/lib\libc.a(sbrk.o)
 *(COMMON)
 COMMON         0xa00006d0     0x1822 Objects\C32\Mouse_demo.o
                0xa00006d0                Appl_Mouse_Buttons_Details
                0xa00006dc                targets
                0xa0001edc                Appl_XY_Axis_Details
                0xa0001ee8                Appl_raw_report_buffer
                0xa0001ef4                . = ALIGN (0x4)
 *fill*         0xa0001ef2        0x2 00
                0xa0001ef4                . = ALIGN (0x4)
                0xa0001ef4                _end = .
                0xa0001ef4                _bss_end = .

.heap           0xa0001ef8      0x3e8 load address 0x9d01131c
                0xa0001ef8                _heap = .
                0xa00022e0                . = (. + _min_heap_size)
 *fill*         0xa0001ef8      0x3e8 00
                0xa00022e0                . = ALIGN (0x8)

.stack          0xa00022e0      0x400 load address 0x9d01131c
                0xa00022e0                _splim = .
                0xa00022e0                _SPLIM = .
                0xa00026e0                . = (. + _min_stack_size)
 *fill*         0xa00022e0      0x400 00
                0xa00026e0                . = ALIGN (0x8)

.ramfunc        0xa0002800        0x0 load address 0x9d01131c
                0xa0002800                _ramfunc_begin = .
 *(.ramfunc .ramfunc.*)
                0xa0002800                . = ALIGN (0x4)
                0xa0002800                _ramfunc_end = .
                0x9d01131c                _ramfunc_image_begin = LOADADDR (.ramfunc)
                0x00000000                _ramfunc_length = SIZEOF (.ramfunc)
                0x00002800                _bmxdkpba_address = (_ramfunc_begin - 0xa0000000)
                0x00010000                _bmxdudba_address = 0x10000
                0x00010000                _bmxdupba_address = 0x10000
                0xa0010000                _stack = (_ramfunc_length > 0x0)?(_ramfunc_begin - 0x8):0xa0010000
                0x00000001                ASSERT (((_min_stack_size + _min_heap_size) <= (_stack - _heap)), Not enough space to allocate both stack and heap.  Reduce heap and/or stack size.)

/DISCARD/
 *(.pdr)
 *(.reginfo)
 *(.rel.dyn)
 *(.note.GNU-stack)

.stab
 *(.stab)

.stabstr
 *(.stabstr)

.stab.excl
 *(.stab.excl)

.stab.exclstr
 *(.stab.exclstr)

.stab.index
 *(.stab.index)

.stab.indexstr
 *(.stab.indexstr)

.mdebug.abi32   0x00000000        0x0
 .mdebug.abi32  0x00000000        0x0 Objects\C32\usb_config.o
 .mdebug.abi32  0x00000000        0x0 Objects\C32\usb_host.o
 .mdebug.abi32  0x00000000        0x0 Objects\C32\usb_host_hid_parser.o
 .mdebug.abi32  0x00000000        0x0 Objects\C32\usb_host_hid.o
 .mdebug.abi32  0x00000000        0x0 Objects\C32\Mouse_demo.o
 .mdebug.abi32  0x00000000        0x0 C:/Program Files (x86)/Microchip/MPLAB C32 Suite/bin/../lib/gcc/pic32mx/3.4.4/../../../../pic32mx/lib\libc.a(malloc.o)
 .mdebug.abi32  0x00000000        0x0 C:/Program Files (x86)/Microchip/MPLAB C32 Suite/bin/../lib/gcc/pic32mx/3.4.4/../../../../pic32mx/lib\libc.a(sbrk.o)
 .mdebug.abi32  0x00000000        0x0 C:/Program Files (x86)/Microchip/MPLAB C32 Suite/bin/../lib/gcc/pic32mx/3.4.4/../../../../pic32mx/lib\libc.a(default-general-exception-handler.o)
 .mdebug.abi32  0x00000000        0x0 C:/Program Files (x86)/Microchip/MPLAB C32 Suite/bin/../lib/gcc/pic32mx/3.4.4/../../../../pic32mx/lib\libc.a(default-bootstrap-exception-handler.o)
 .mdebug.abi32  0x00000000        0x0 C:/Program Files (x86)/Microchip/MPLAB C32 Suite/bin/../lib/gcc/pic32mx/3.4.4/../../../../pic32mx/lib\libc.a(default-on-reset.o)
 .mdebug.abi32  0x00000000        0x0 C:/Program Files (x86)/Microchip/MPLAB C32 Suite/bin/../lib/gcc/pic32mx/3.4.4/../../../../pic32mx/lib\libc.a(default-on-bootstrap.o)
 .mdebug.abi32  0x00000000        0x0 C:/Program Files (x86)/Microchip/MPLAB C32 Suite/bin/../lib/gcc/pic32mx/3.4.4/../../../../pic32mx/lib\libc.a(errno.o)
 .mdebug.abi32  0x00000000        0x0 C:/Program Files (x86)/Microchip/MPLAB C32 Suite/bin/../lib/gcc/pic32mx/3.4.4/../../../../pic32mx/lib\libm.a(w_powf.o)
 .mdebug.abi32  0x00000000        0x0 C:/Program Files (x86)/Microchip/MPLAB C32 Suite/bin/../lib/gcc/pic32mx/3.4.4/../../../../pic32mx/lib\libm.a(s_lib_ver.o)
 .mdebug.abi32  0x00000000        0x0 C:/Program Files (x86)/Microchip/MPLAB C32 Suite/bin/../lib/gcc/pic32mx/3.4.4/../../../../pic32mx/lib\libmchp_peripheral_32MX675F512H.a(pcache.o)
 .mdebug.abi32  0x00000000        0x0 C:/Program Files (x86)/Microchip/MPLAB C32 Suite/bin/../lib/gcc/pic32mx/3.4.4/../../../../pic32mx/lib\libmchp_peripheral_32MX675F512H.a(int_configure_system_lib.o)
 .mdebug.abi32  0x00000000        0x0 C:/Program Files (x86)/Microchip/MPLAB C32 Suite/bin/../lib/gcc/pic32mx/3.4.4/../../../../pic32mx/lib\libmchp_peripheral_32MX675F512H.a(int_enable_interrupts_lib.o)
 .mdebug.abi32  0x00000000        0x0 C:/Program Files (x86)/Microchip/MPLAB C32 Suite/bin/../lib/gcc/pic32mx/3.4.4/../../../../pic32mx/lib\libmchp_peripheral_32MX675F512H.a(int_disable_interrupts_lib.o)
 .mdebug.abi32  0x00000000        0x0 C:/Program Files (x86)/Microchip/MPLAB C32 Suite/bin/../lib/gcc/pic32mx/3.4.4/../../../../pic32mx/lib\libmchp_peripheral_32MX675F512H.a(int_restore_interrupts_lib.o)
 .mdebug.abi32  0x00000000        0x0 C:/Program Files (x86)/Microchip/MPLAB C32 Suite/bin/../lib/gcc/pic32mx/3.4.4/../../../../pic32mx/lib\libmchp_peripheral_32MX675F512H.a(int_enable_mv_int_lib.o)
 .mdebug.abi32  0x00000000        0x0 C:/Program Files (x86)/Microchip/MPLAB C32 Suite/bin/../lib/gcc/pic32mx/3.4.4/../../../../pic32mx/lib\libmchp_peripheral_32MX675F512H.a(int_tbl_lib.o)
 .mdebug.abi32  0x00000000        0x0 C:/Program Files (x86)/Microchip/MPLAB C32 Suite/bin/../lib/gcc/pic32mx/3.4.4/../../../../pic32mx/lib\libmchp_peripheral_32MX675F512H.a(spi_chn_getc_lib.o)
 .mdebug.abi32  0x00000000        0x0 C:/Program Files (x86)/Microchip/MPLAB C32 Suite/bin/../lib/gcc/pic32mx/3.4.4/../../../../pic32mx/lib\libmchp_peripheral_32MX675F512H.a(spi_chn_open_lib.o)
 .mdebug.abi32  0x00000000        0x0 C:/Program Files (x86)/Microchip/MPLAB C32 Suite/bin/../lib/gcc/pic32mx/3.4.4/../../../../pic32mx/lib\libmchp_peripheral_32MX675F512H.a(spi_chn_putc_lib.o)
 .mdebug.abi32  0x00000000        0x0 C:/Program Files (x86)/Microchip/MPLAB C32 Suite/bin/../lib/gcc/pic32mx/3.4.4/../../../../pic32mx/lib\libmchp_peripheral_32MX675F512H.a(spi_chn_is_busy_lib.o)
 .mdebug.abi32  0x00000000        0x0 C:/Program Files (x86)/Microchip/MPLAB C32 Suite/bin/../lib/gcc/pic32mx/3.4.4/../../../../pic32mx/lib\libmchp_peripheral_32MX675F512H.a(spi_io_tbl_libp.o)
 .mdebug.abi32  0x00000000        0x0 C:/Program Files (x86)/Microchip/MPLAB C32 Suite/bin/../lib/gcc/pic32mx/3.4.4/../../../../pic32mx/lib\libmchp_peripheral_32MX675F512H.a(spi_map_tbl_libp.o)
 .mdebug.abi32  0x00000000        0x0 C:/Program Files (x86)/Microchip/MPLAB C32 Suite/bin/../lib/gcc/pic32mx/3.4.4/../../../../pic32mx/lib\libmchp_peripheral_32MX675F512H.a(port_set_pins_digital_in_lib.o)
 .mdebug.abi32  0x00000000        0x0 C:/Program Files (x86)/Microchip/MPLAB C32 Suite/bin/../lib/gcc/pic32mx/3.4.4/../../../../pic32mx/lib\libmchp_peripheral_32MX675F512H.a(port_set_pins_digital_out_lib.o)
 .mdebug.abi32  0x00000000        0x0 C:/Program Files (x86)/Microchip/MPLAB C32 Suite/bin/../lib/gcc/pic32mx/3.4.4/../../../../pic32mx/lib\libmchp_peripheral_32MX675F512H.a(_ports_tbl_libp.o)
 .mdebug.abi32  0x00000000        0x0 C:/Program Files (x86)/Microchip/MPLAB C32 Suite/bin/../lib/gcc/pic32mx/3.4.4/../../../../pic32mx/lib\libc.a(isinf.o)

.comment        0x00000000      0x9f4
 *(.comment)
 .comment       0x00000000       0x4d Objects\C32\usb_config.o
 .comment       0x0000004d       0x4d Objects\C32\usb_host.o
 .comment       0x0000009a       0x4d Objects\C32\usb_host_hid_parser.o
 .comment       0x000000e7       0x4d Objects\C32\usb_host_hid.o
 .comment       0x00000134       0x4d Objects\C32\Mouse_demo.o
 .comment       0x00000181       0x4d C:/Program Files (x86)/Microchip/MPLAB C32 Suite/bin/../lib/gcc/pic32mx/3.4.4/../../../../pic32mx/lib\libc.a(malloc.o)
 .comment       0x000001ce       0x98 C:/Program Files (x86)/Microchip/MPLAB C32 Suite/bin/../lib/gcc/pic32mx/3.4.4/../../../../pic32mx/lib\libc.a(sbrk.o)
 .comment       0x00000266       0x4d C:/Program Files (x86)/Microchip/MPLAB C32 Suite/bin/../lib/gcc/pic32mx/3.4.4/../../../../pic32mx/lib\libc.a(default-general-exception-handler.o)
 .comment       0x000002b3       0x4d C:/Program Files (x86)/Microchip/MPLAB C32 Suite/bin/../lib/gcc/pic32mx/3.4.4/../../../../pic32mx/lib\libc.a(default-bootstrap-exception-handler.o)
 .comment       0x00000300       0x4d C:/Program Files (x86)/Microchip/MPLAB C32 Suite/bin/../lib/gcc/pic32mx/3.4.4/../../../../pic32mx/lib\libc.a(default-on-reset.o)
 .comment       0x0000034d       0x4d C:/Program Files (x86)/Microchip/MPLAB C32 Suite/bin/../lib/gcc/pic32mx/3.4.4/../../../../pic32mx/lib\libc.a(default-on-bootstrap.o)
 .comment       0x0000039a       0x56 C:/Program Files (x86)/Microchip/MPLAB C32 Suite/bin/../lib/gcc/pic32mx/3.4.4/../../../../pic32mx/lib\libc.a(memset.o)
 .comment       0x000003f0       0x4d C:/Program Files (x86)/Microchip/MPLAB C32 Suite/bin/../lib/gcc/pic32mx/3.4.4/../../../../pic32mx/lib\libc.a(errno.o)
 .comment       0x0000043d       0x4d C:/Program Files (x86)/Microchip/MPLAB C32 Suite/bin/../lib/gcc/pic32mx/3.4.4/../../../../pic32mx/lib\libm.a(w_powf.o)
 .comment       0x0000048a       0x4d C:/Program Files (x86)/Microchip/MPLAB C32 Suite/bin/../lib/gcc/pic32mx/3.4.4/../../../../pic32mx/lib\libm.a(s_lib_ver.o)
 .comment       0x000004d7       0x4d C:/Program Files (x86)/Microchip/MPLAB C32 Suite/bin/../lib/gcc/pic32mx/3.4.4/../../../../pic32mx/lib\libmchp_peripheral_32MX675F512H.a(pcache.o)
 .comment       0x00000524       0x4d C:/Program Files (x86)/Microchip/MPLAB C32 Suite/bin/../lib/gcc/pic32mx/3.4.4/../../../../pic32mx/lib\libmchp_peripheral_32MX675F512H.a(int_configure_system_lib.o)
 .comment       0x00000571       0x4d C:/Program Files (x86)/Microchip/MPLAB C32 Suite/bin/../lib/gcc/pic32mx/3.4.4/../../../../pic32mx/lib\libmchp_peripheral_32MX675F512H.a(int_enable_interrupts_lib.o)
 .comment       0x000005be       0x4d C:/Program Files (x86)/Microchip/MPLAB C32 Suite/bin/../lib/gcc/pic32mx/3.4.4/../../../../pic32mx/lib\libmchp_peripheral_32MX675F512H.a(int_disable_interrupts_lib.o)
 .comment       0x0000060b       0x4d C:/Program Files (x86)/Microchip/MPLAB C32 Suite/bin/../lib/gcc/pic32mx/3.4.4/../../../../pic32mx/lib\libmchp_peripheral_32MX675F512H.a(int_restore_interrupts_lib.o)
 .comment       0x00000658       0x4d C:/Program Files (x86)/Microchip/MPLAB C32 Suite/bin/../lib/gcc/pic32mx/3.4.4/../../../../pic32mx/lib\libmchp_peripheral_32MX675F512H.a(int_enable_mv_int_lib.o)
 .comment       0x000006a5       0x4d C:/Program Files (x86)/Microchip/MPLAB C32 Suite/bin/../lib/gcc/pic32mx/3.4.4/../../../../pic32mx/lib\libmchp_peripheral_32MX675F512H.a(int_tbl_lib.o)
 .comment       0x000006f2       0x4d C:/Program Files (x86)/Microchip/MPLAB C32 Suite/bin/../lib/gcc/pic32mx/3.4.4/../../../../pic32mx/lib\libmchp_peripheral_32MX675F512H.a(spi_chn_getc_lib.o)
 .comment       0x0000073f       0x4d C:/Program Files (x86)/Microchip/MPLAB C32 Suite/bin/../lib/gcc/pic32mx/3.4.4/../../../../pic32mx/lib\libmchp_peripheral_32MX675F512H.a(spi_chn_open_lib.o)
 .comment       0x0000078c       0x4d C:/Program Files (x86)/Microchip/MPLAB C32 Suite/bin/../lib/gcc/pic32mx/3.4.4/../../../../pic32mx/lib\libmchp_peripheral_32MX675F512H.a(spi_chn_putc_lib.o)
 .comment       0x000007d9       0x4d C:/Program Files (x86)/Microchip/MPLAB C32 Suite/bin/../lib/gcc/pic32mx/3.4.4/../../../../pic32mx/lib\libmchp_peripheral_32MX675F512H.a(spi_chn_is_busy_lib.o)
 .comment       0x00000826       0x4d C:/Program Files (x86)/Microchip/MPLAB C32 Suite/bin/../lib/gcc/pic32mx/3.4.4/../../../../pic32mx/lib\libmchp_peripheral_32MX675F512H.a(spi_io_tbl_libp.o)
 .comment       0x00000873       0x4d C:/Program Files (x86)/Microchip/MPLAB C32 Suite/bin/../lib/gcc/pic32mx/3.4.4/../../../../pic32mx/lib\libmchp_peripheral_32MX675F512H.a(spi_map_tbl_libp.o)
 .comment       0x000008c0       0x4d C:/Program Files (x86)/Microchip/MPLAB C32 Suite/bin/../lib/gcc/pic32mx/3.4.4/../../../../pic32mx/lib\libmchp_peripheral_32MX675F512H.a(port_set_pins_digital_in_lib.o)
 .comment       0x0000090d       0x4d C:/Program Files (x86)/Microchip/MPLAB C32 Suite/bin/../lib/gcc/pic32mx/3.4.4/../../../../pic32mx/lib\libmchp_peripheral_32MX675F512H.a(port_set_pins_digital_out_lib.o)
 .comment       0x0000095a       0x4d C:/Program Files (x86)/Microchip/MPLAB C32 Suite/bin/../lib/gcc/pic32mx/3.4.4/../../../../pic32mx/lib\libmchp_peripheral_32MX675F512H.a(_ports_tbl_libp.o)
 .comment       0x000009a7       0x4d C:/Program Files (x86)/Microchip/MPLAB C32 Suite/bin/../lib/gcc/pic32mx/3.4.4/../../../../pic32mx/lib\libc.a(isinf.o)

.debug
 *(.debug)

.line
 *(.line)

.debug_srcinfo
 *(.debug_srcinfo)

.debug_sfnames
 *(.debug_sfnames)

.debug_aranges  0x00000000      0x468
 *(.debug_aranges)
 .debug_aranges
                0x00000000       0x20 Objects\C32\usb_host.o
 .debug_aranges
                0x00000020       0x20 Objects\C32\usb_host_hid_parser.o
 .debug_aranges
                0x00000040       0x20 Objects\C32\usb_host_hid.o
 .debug_aranges
                0x00000060       0x20 Objects\C32\Mouse_demo.o
 .debug_aranges
                0x00000080       0x38 C:/Program Files (x86)/Microchip/MPLAB C32 Suite/bin/../lib/gcc/pic32mx/3.4.4/../../../../pic32mx/lib\libc.a(malloc.o)
 .debug_aranges
                0x000000b8       0x48 C:/Program Files (x86)/Microchip/MPLAB C32 Suite/bin/../lib/gcc/pic32mx/3.4.4/../../../../pic32mx/lib\libc.a(sbrk.o)
 .debug_aranges
                0x00000100       0x28 C:/Program Files (x86)/Microchip/MPLAB C32 Suite/bin/../lib/gcc/pic32mx/3.4.4/../../../../pic32mx/lib\libc.a(default-general-exception-handler.o)
 .debug_aranges
                0x00000128       0x28 C:/Program Files (x86)/Microchip/MPLAB C32 Suite/bin/../lib/gcc/pic32mx/3.4.4/../../../../pic32mx/lib\libc.a(default-bootstrap-exception-handler.o)
 .debug_aranges
                0x00000150       0x28 C:/Program Files (x86)/Microchip/MPLAB C32 Suite/bin/../lib/gcc/pic32mx/3.4.4/../../../../pic32mx/lib\libc.a(default-on-reset.o)
 .debug_aranges
                0x00000178       0x28 C:/Program Files (x86)/Microchip/MPLAB C32 Suite/bin/../lib/gcc/pic32mx/3.4.4/../../../../pic32mx/lib\libc.a(default-on-bootstrap.o)
 .debug_aranges
                0x000001a0       0x28 C:/Program Files (x86)/Microchip/MPLAB C32 Suite/bin/../lib/gcc/pic32mx/3.4.4/../../../../pic32mx/lib\libm.a(w_powf.o)
 .debug_aranges
                0x000001c8       0x30 C:/Program Files (x86)/Microchip/MPLAB C32 Suite/bin/../lib/gcc/pic32mx/3.4.4/../../../../pic32mx/lib\libmchp_peripheral_32MX675F512H.a(pcache.o)
 .debug_aranges
                0x000001f8       0x28 C:/Program Files (x86)/Microchip/MPLAB C32 Suite/bin/../lib/gcc/pic32mx/3.4.4/../../../../pic32mx/lib\libmchp_peripheral_32MX675F512H.a(int_configure_system_lib.o)
 .debug_aranges
                0x00000220       0x28 C:/Program Files (x86)/Microchip/MPLAB C32 Suite/bin/../lib/gcc/pic32mx/3.4.4/../../../../pic32mx/lib\libmchp_peripheral_32MX675F512H.a(int_enable_interrupts_lib.o)
 .debug_aranges
                0x00000248       0x28 C:/Program Files (x86)/Microchip/MPLAB C32 Suite/bin/../lib/gcc/pic32mx/3.4.4/../../../../pic32mx/lib\libmchp_peripheral_32MX675F512H.a(int_disable_interrupts_lib.o)
 .debug_aranges
                0x00000270       0x28 C:/Program Files (x86)/Microchip/MPLAB C32 Suite/bin/../lib/gcc/pic32mx/3.4.4/../../../../pic32mx/lib\libmchp_peripheral_32MX675F512H.a(int_restore_interrupts_lib.o)
 .debug_aranges
                0x00000298       0x28 C:/Program Files (x86)/Microchip/MPLAB C32 Suite/bin/../lib/gcc/pic32mx/3.4.4/../../../../pic32mx/lib\libmchp_peripheral_32MX675F512H.a(int_enable_mv_int_lib.o)
 .debug_aranges
                0x000002c0       0x68 C:/Program Files (x86)/Microchip/MPLAB C32 Suite/bin/../lib/gcc/pic32mx/3.4.4/../../../../pic32mx/lib\libmchp_peripheral_32MX675F512H.a(int_tbl_lib.o)
 .debug_aranges
                0x00000328       0x30 C:/Program Files (x86)/Microchip/MPLAB C32 Suite/bin/../lib/gcc/pic32mx/3.4.4/../../../../pic32mx/lib\libmchp_peripheral_32MX675F512H.a(spi_chn_getc_lib.o)
 .debug_aranges
                0x00000358       0x28 C:/Program Files (x86)/Microchip/MPLAB C32 Suite/bin/../lib/gcc/pic32mx/3.4.4/../../../../pic32mx/lib\libmchp_peripheral_32MX675F512H.a(spi_chn_open_lib.o)
 .debug_aranges
                0x00000380       0x38 C:/Program Files (x86)/Microchip/MPLAB C32 Suite/bin/../lib/gcc/pic32mx/3.4.4/../../../../pic32mx/lib\libmchp_peripheral_32MX675F512H.a(spi_chn_putc_lib.o)
 .debug_aranges
                0x000003b8       0x30 C:/Program Files (x86)/Microchip/MPLAB C32 Suite/bin/../lib/gcc/pic32mx/3.4.4/../../../../pic32mx/lib\libmchp_peripheral_32MX675F512H.a(spi_chn_is_busy_lib.o)
 .debug_aranges
                0x000003e8       0x28 C:/Program Files (x86)/Microchip/MPLAB C32 Suite/bin/../lib/gcc/pic32mx/3.4.4/../../../../pic32mx/lib\libmchp_peripheral_32MX675F512H.a(port_set_pins_digital_in_lib.o)
 .debug_aranges
                0x00000410       0x28 C:/Program Files (x86)/Microchip/MPLAB C32 Suite/bin/../lib/gcc/pic32mx/3.4.4/../../../../pic32mx/lib\libmchp_peripheral_32MX675F512H.a(port_set_pins_digital_out_lib.o)
 .debug_aranges
                0x00000438       0x30 C:/Program Files (x86)/Microchip/MPLAB C32 Suite/bin/../lib/gcc/pic32mx/3.4.4/../../../../pic32mx/lib\libc.a(isinf.o)

.debug_pubnames
                0x00000000      0xf88
 *(.debug_pubnames)
 .debug_pubnames
                0x00000000       0x33 Objects\C32\usb_config.o
 .debug_pubnames
                0x00000033      0x3e6 Objects\C32\usb_host.o
 .debug_pubnames
                0x00000419       0x7c Objects\C32\usb_host_hid_parser.o
 .debug_pubnames
                0x00000495      0x1e7 Objects\C32\usb_host_hid.o
 .debug_pubnames
                0x0000067c      0x45a Objects\C32\Mouse_demo.o
 .debug_pubnames
                0x00000ad6       0x32 C:/Program Files (x86)/Microchip/MPLAB C32 Suite/bin/../lib/gcc/pic32mx/3.4.4/../../../../pic32mx/lib\libc.a(malloc.o)
 .debug_pubnames
                0x00000b08       0x74 C:/Program Files (x86)/Microchip/MPLAB C32 Suite/bin/../lib/gcc/pic32mx/3.4.4/../../../../pic32mx/lib\libc.a(sbrk.o)
 .debug_pubnames
                0x00000b7c       0x31 C:/Program Files (x86)/Microchip/MPLAB C32 Suite/bin/../lib/gcc/pic32mx/3.4.4/../../../../pic32mx/lib\libc.a(default-general-exception-handler.o)
 .debug_pubnames
                0x00000bad       0x33 C:/Program Files (x86)/Microchip/MPLAB C32 Suite/bin/../lib/gcc/pic32mx/3.4.4/../../../../pic32mx/lib\libc.a(default-bootstrap-exception-handler.o)
 .debug_pubnames
                0x00000be0       0x20 C:/Program Files (x86)/Microchip/MPLAB C32 Suite/bin/../lib/gcc/pic32mx/3.4.4/../../../../pic32mx/lib\libc.a(default-on-reset.o)
 .debug_pubnames
                0x00000c00       0x24 C:/Program Files (x86)/Microchip/MPLAB C32 Suite/bin/../lib/gcc/pic32mx/3.4.4/../../../../pic32mx/lib\libc.a(default-on-bootstrap.o)
 .debug_pubnames
                0x00000c24       0x1c C:/Program Files (x86)/Microchip/MPLAB C32 Suite/bin/../lib/gcc/pic32mx/3.4.4/../../../../pic32mx/lib\libc.a(errno.o)
 .debug_pubnames
                0x00000c40       0x1b C:/Program Files (x86)/Microchip/MPLAB C32 Suite/bin/../lib/gcc/pic32mx/3.4.4/../../../../pic32mx/lib\libm.a(w_powf.o)
 .debug_pubnames
                0x00000c5b       0x3b C:/Program Files (x86)/Microchip/MPLAB C32 Suite/bin/../lib/gcc/pic32mx/3.4.4/../../../../pic32mx/lib\libmchp_peripheral_32MX675F512H.a(pcache.o)
 .debug_pubnames
                0x00000c96       0x29 C:/Program Files (x86)/Microchip/MPLAB C32 Suite/bin/../lib/gcc/pic32mx/3.4.4/../../../../pic32mx/lib\libmchp_peripheral_32MX675F512H.a(int_configure_system_lib.o)
 .debug_pubnames
                0x00000cbf       0x2a C:/Program Files (x86)/Microchip/MPLAB C32 Suite/bin/../lib/gcc/pic32mx/3.4.4/../../../../pic32mx/lib\libmchp_peripheral_32MX675F512H.a(int_enable_interrupts_lib.o)
 .debug_pubnames
                0x00000ce9       0x2b C:/Program Files (x86)/Microchip/MPLAB C32 Suite/bin/../lib/gcc/pic32mx/3.4.4/../../../../pic32mx/lib\libmchp_peripheral_32MX675F512H.a(int_disable_interrupts_lib.o)
 .debug_pubnames
                0x00000d14       0x2b C:/Program Files (x86)/Microchip/MPLAB C32 Suite/bin/../lib/gcc/pic32mx/3.4.4/../../../../pic32mx/lib\libmchp_peripheral_32MX675F512H.a(int_restore_interrupts_lib.o)
 .debug_pubnames
                0x00000d3f       0x36 C:/Program Files (x86)/Microchip/MPLAB C32 Suite/bin/../lib/gcc/pic32mx/3.4.4/../../../../pic32mx/lib\libmchp_peripheral_32MX675F512H.a(int_enable_mv_int_lib.o)
 .debug_pubnames
                0x00000d75       0xca C:/Program Files (x86)/Microchip/MPLAB C32 Suite/bin/../lib/gcc/pic32mx/3.4.4/../../../../pic32mx/lib\libmchp_peripheral_32MX675F512H.a(int_tbl_lib.o)
 .debug_pubnames
                0x00000e3f       0x31 C:/Program Files (x86)/Microchip/MPLAB C32 Suite/bin/../lib/gcc/pic32mx/3.4.4/../../../../pic32mx/lib\libmchp_peripheral_32MX675F512H.a(spi_chn_getc_lib.o)
 .debug_pubnames
                0x00000e70       0x21 C:/Program Files (x86)/Microchip/MPLAB C32 Suite/bin/../lib/gcc/pic32mx/3.4.4/../../../../pic32mx/lib\libmchp_peripheral_32MX675F512H.a(spi_chn_open_lib.o)
 .debug_pubnames
                0x00000e91       0x43 C:/Program Files (x86)/Microchip/MPLAB C32 Suite/bin/../lib/gcc/pic32mx/3.4.4/../../../../pic32mx/lib\libmchp_peripheral_32MX675F512H.a(spi_chn_putc_lib.o)
 .debug_pubnames
                0x00000ed4       0x37 C:/Program Files (x86)/Microchip/MPLAB C32 Suite/bin/../lib/gcc/pic32mx/3.4.4/../../../../pic32mx/lib\libmchp_peripheral_32MX675F512H.a(spi_chn_is_busy_lib.o)
 .debug_pubnames
                0x00000f0b       0x2b C:/Program Files (x86)/Microchip/MPLAB C32 Suite/bin/../lib/gcc/pic32mx/3.4.4/../../../../pic32mx/lib\libmchp_peripheral_32MX675F512H.a(port_set_pins_digital_in_lib.o)
 .debug_pubnames
                0x00000f36       0x2c C:/Program Files (x86)/Microchip/MPLAB C32 Suite/bin/../lib/gcc/pic32mx/3.4.4/../../../../pic32mx/lib\libmchp_peripheral_32MX675F512H.a(port_set_pins_digital_out_lib.o)
 .debug_pubnames
                0x00000f62       0x26 C:/Program Files (x86)/Microchip/MPLAB C32 Suite/bin/../lib/gcc/pic32mx/3.4.4/../../../../pic32mx/lib\libc.a(isinf.o)

.debug_info     0x00000000     0xa2ff
 *(.debug_info .gnu.linkonce.wi.*)
 .debug_info    0x00000000      0xbc1 Objects\C32\usb_config.o
 .debug_info    0x00000bc1     0x2c53 Objects\C32\usb_host.o
 .debug_info    0x00003814     0x190e Objects\C32\usb_host_hid_parser.o
 .debug_info    0x00005122     0x236d Objects\C32\usb_host_hid.o
 .debug_info    0x0000748f     0x2426 Objects\C32\Mouse_demo.o
 .debug_info    0x000098b5      0x1f3 C:/Program Files (x86)/Microchip/MPLAB C32 Suite/bin/../lib/gcc/pic32mx/3.4.4/../../../../pic32mx/lib\libc.a(malloc.o)
 .debug_info    0x00009aa8      0x282 C:/Program Files (x86)/Microchip/MPLAB C32 Suite/bin/../lib/gcc/pic32mx/3.4.4/../../../../pic32mx/lib\libc.a(sbrk.o)
 .debug_info    0x00009d2a       0x31 C:/Program Files (x86)/Microchip/MPLAB C32 Suite/bin/../lib/gcc/pic32mx/3.4.4/../../../../pic32mx/lib\libc.a(default-general-exception-handler.o)
 .debug_info    0x00009d5b       0x31 C:/Program Files (x86)/Microchip/MPLAB C32 Suite/bin/../lib/gcc/pic32mx/3.4.4/../../../../pic32mx/lib\libc.a(default-bootstrap-exception-handler.o)
 .debug_info    0x00009d8c       0x31 C:/Program Files (x86)/Microchip/MPLAB C32 Suite/bin/../lib/gcc/pic32mx/3.4.4/../../../../pic32mx/lib\libc.a(default-on-reset.o)
 .debug_info    0x00009dbd       0x31 C:/Program Files (x86)/Microchip/MPLAB C32 Suite/bin/../lib/gcc/pic32mx/3.4.4/../../../../pic32mx/lib\libc.a(default-on-bootstrap.o)
 .debug_info    0x00009dee       0x3f C:/Program Files (x86)/Microchip/MPLAB C32 Suite/bin/../lib/gcc/pic32mx/3.4.4/../../../../pic32mx/lib\libc.a(errno.o)
 .debug_info    0x00009e2d       0x30 C:/Program Files (x86)/Microchip/MPLAB C32 Suite/bin/../lib/gcc/pic32mx/3.4.4/../../../../pic32mx/lib\libm.a(w_powf.o)
 .debug_info    0x00009e5d        0x0 C:/Program Files (x86)/Microchip/MPLAB C32 Suite/bin/../lib/gcc/pic32mx/3.4.4/../../../../pic32mx/lib\libm.a(s_lib_ver.o)
 .debug_info    0x00009e5d       0x42 C:/Program Files (x86)/Microchip/MPLAB C32 Suite/bin/../lib/gcc/pic32mx/3.4.4/../../../../pic32mx/lib\libmchp_peripheral_32MX675F512H.a(pcache.o)
 .debug_info    0x00009e9f       0x30 C:/Program Files (x86)/Microchip/MPLAB C32 Suite/bin/../lib/gcc/pic32mx/3.4.4/../../../../pic32mx/lib\libmchp_peripheral_32MX675F512H.a(int_configure_system_lib.o)
 .debug_info    0x00009ecf       0x30 C:/Program Files (x86)/Microchip/MPLAB C32 Suite/bin/../lib/gcc/pic32mx/3.4.4/../../../../pic32mx/lib\libmchp_peripheral_32MX675F512H.a(int_enable_interrupts_lib.o)
 .debug_info    0x00009eff       0x30 C:/Program Files (x86)/Microchip/MPLAB C32 Suite/bin/../lib/gcc/pic32mx/3.4.4/../../../../pic32mx/lib\libmchp_peripheral_32MX675F512H.a(int_disable_interrupts_lib.o)
 .debug_info    0x00009f2f       0x30 C:/Program Files (x86)/Microchip/MPLAB C32 Suite/bin/../lib/gcc/pic32mx/3.4.4/../../../../pic32mx/lib\libmchp_peripheral_32MX675F512H.a(int_restore_interrupts_lib.o)
 .debug_info    0x00009f5f       0x30 C:/Program Files (x86)/Microchip/MPLAB C32 Suite/bin/../lib/gcc/pic32mx/3.4.4/../../../../pic32mx/lib\libmchp_peripheral_32MX675F512H.a(int_enable_mv_int_lib.o)
 .debug_info    0x00009f8f       0xc0 C:/Program Files (x86)/Microchip/MPLAB C32 Suite/bin/../lib/gcc/pic32mx/3.4.4/../../../../pic32mx/lib\libmchp_peripheral_32MX675F512H.a(int_tbl_lib.o)
 .debug_info    0x0000a04f       0x42 C:/Program Files (x86)/Microchip/MPLAB C32 Suite/bin/../lib/gcc/pic32mx/3.4.4/../../../../pic32mx/lib\libmchp_peripheral_32MX675F512H.a(spi_chn_getc_lib.o)
 .debug_info    0x0000a091       0x30 C:/Program Files (x86)/Microchip/MPLAB C32 Suite/bin/../lib/gcc/pic32mx/3.4.4/../../../../pic32mx/lib\libmchp_peripheral_32MX675F512H.a(spi_chn_open_lib.o)
 .debug_info    0x0000a0c1       0x54 C:/Program Files (x86)/Microchip/MPLAB C32 Suite/bin/../lib/gcc/pic32mx/3.4.4/../../../../pic32mx/lib\libmchp_peripheral_32MX675F512H.a(spi_chn_putc_lib.o)
 .debug_info    0x0000a115       0x42 C:/Program Files (x86)/Microchip/MPLAB C32 Suite/bin/../lib/gcc/pic32mx/3.4.4/../../../../pic32mx/lib\libmchp_peripheral_32MX675F512H.a(spi_chn_is_busy_lib.o)
 .debug_info    0x0000a157        0x0 C:/Program Files (x86)/Microchip/MPLAB C32 Suite/bin/../lib/gcc/pic32mx/3.4.4/../../../../pic32mx/lib\libmchp_peripheral_32MX675F512H.a(spi_io_tbl_libp.o)
 .debug_info    0x0000a157        0x0 C:/Program Files (x86)/Microchip/MPLAB C32 Suite/bin/../lib/gcc/pic32mx/3.4.4/../../../../pic32mx/lib\libmchp_peripheral_32MX675F512H.a(spi_map_tbl_libp.o)
 .debug_info    0x0000a157       0x30 C:/Program Files (x86)/Microchip/MPLAB C32 Suite/bin/../lib/gcc/pic32mx/3.4.4/../../../../pic32mx/lib\libmchp_peripheral_32MX675F512H.a(port_set_pins_digital_in_lib.o)
 .debug_info    0x0000a187       0x30 C:/Program Files (x86)/Microchip/MPLAB C32 Suite/bin/../lib/gcc/pic32mx/3.4.4/../../../../pic32mx/lib\libmchp_peripheral_32MX675F512H.a(port_set_pins_digital_out_lib.o)
 .debug_info    0x0000a1b7        0x0 C:/Program Files (x86)/Microchip/MPLAB C32 Suite/bin/../lib/gcc/pic32mx/3.4.4/../../../../pic32mx/lib\libmchp_peripheral_32MX675F512H.a(_ports_tbl_libp.o)
 .debug_info    0x0000a1b7      0x148 C:/Program Files (x86)/Microchip/MPLAB C32 Suite/bin/../lib/gcc/pic32mx/3.4.4/../../../../pic32mx/lib\libc.a(isinf.o)

.debug_abbrev   0x00000000     0x12ba
 *(.debug_abbrev)
 .debug_abbrev  0x00000000      0x1b3 Objects\C32\usb_config.o
 .debug_abbrev  0x000001b3      0x2b9 Objects\C32\usb_host.o
 .debug_abbrev  0x0000046c      0x292 Objects\C32\usb_host_hid_parser.o
 .debug_abbrev  0x000006fe      0x231 Objects\C32\usb_host_hid.o
 .debug_abbrev  0x0000092f      0x389 Objects\C32\Mouse_demo.o
 .debug_abbrev  0x00000cb8      0x136 C:/Program Files (x86)/Microchip/MPLAB C32 Suite/bin/../lib/gcc/pic32mx/3.4.4/../../../../pic32mx/lib\libc.a(malloc.o)
 .debug_abbrev  0x00000dee      0x153 C:/Program Files (x86)/Microchip/MPLAB C32 Suite/bin/../lib/gcc/pic32mx/3.4.4/../../../../pic32mx/lib\libc.a(sbrk.o)
 .debug_abbrev  0x00000f41       0x25 C:/Program Files (x86)/Microchip/MPLAB C32 Suite/bin/../lib/gcc/pic32mx/3.4.4/../../../../pic32mx/lib\libc.a(default-general-exception-handler.o)
 .debug_abbrev  0x00000f66       0x25 C:/Program Files (x86)/Microchip/MPLAB C32 Suite/bin/../lib/gcc/pic32mx/3.4.4/../../../../pic32mx/lib\libc.a(default-bootstrap-exception-handler.o)
 .debug_abbrev  0x00000f8b       0x25 C:/Program Files (x86)/Microchip/MPLAB C32 Suite/bin/../lib/gcc/pic32mx/3.4.4/../../../../pic32mx/lib\libc.a(default-on-reset.o)
 .debug_abbrev  0x00000fb0       0x25 C:/Program Files (x86)/Microchip/MPLAB C32 Suite/bin/../lib/gcc/pic32mx/3.4.4/../../../../pic32mx/lib\libc.a(default-on-bootstrap.o)
 .debug_abbrev  0x00000fd5       0x30 C:/Program Files (x86)/Microchip/MPLAB C32 Suite/bin/../lib/gcc/pic32mx/3.4.4/../../../../pic32mx/lib\libc.a(errno.o)
 .debug_abbrev  0x00001005       0x23 C:/Program Files (x86)/Microchip/MPLAB C32 Suite/bin/../lib/gcc/pic32mx/3.4.4/../../../../pic32mx/lib\libm.a(w_powf.o)
 .debug_abbrev  0x00001028        0x1 C:/Program Files (x86)/Microchip/MPLAB C32 Suite/bin/../lib/gcc/pic32mx/3.4.4/../../../../pic32mx/lib\libm.a(s_lib_ver.o)
 .debug_abbrev  0x00001029       0x23 C:/Program Files (x86)/Microchip/MPLAB C32 Suite/bin/../lib/gcc/pic32mx/3.4.4/../../../../pic32mx/lib\libmchp_peripheral_32MX675F512H.a(pcache.o)
 .debug_abbrev  0x0000104c       0x23 C:/Program Files (x86)/Microchip/MPLAB C32 Suite/bin/../lib/gcc/pic32mx/3.4.4/../../../../pic32mx/lib\libmchp_peripheral_32MX675F512H.a(int_configure_system_lib.o)
 .debug_abbrev  0x0000106f       0x23 C:/Program Files (x86)/Microchip/MPLAB C32 Suite/bin/../lib/gcc/pic32mx/3.4.4/../../../../pic32mx/lib\libmchp_peripheral_32MX675F512H.a(int_enable_interrupts_lib.o)
 .debug_abbrev  0x00001092       0x23 C:/Program Files (x86)/Microchip/MPLAB C32 Suite/bin/../lib/gcc/pic32mx/3.4.4/../../../../pic32mx/lib\libmchp_peripheral_32MX675F512H.a(int_disable_interrupts_lib.o)
 .debug_abbrev  0x000010b5       0x23 C:/Program Files (x86)/Microchip/MPLAB C32 Suite/bin/../lib/gcc/pic32mx/3.4.4/../../../../pic32mx/lib\libmchp_peripheral_32MX675F512H.a(int_restore_interrupts_lib.o)
 .debug_abbrev  0x000010d8       0x23 C:/Program Files (x86)/Microchip/MPLAB C32 Suite/bin/../lib/gcc/pic32mx/3.4.4/../../../../pic32mx/lib\libmchp_peripheral_32MX675F512H.a(int_enable_mv_int_lib.o)
 .debug_abbrev  0x000010fb       0x23 C:/Program Files (x86)/Microchip/MPLAB C32 Suite/bin/../lib/gcc/pic32mx/3.4.4/../../../../pic32mx/lib\libmchp_peripheral_32MX675F512H.a(int_tbl_lib.o)
 .debug_abbrev  0x0000111e       0x23 C:/Program Files (x86)/Microchip/MPLAB C32 Suite/bin/../lib/gcc/pic32mx/3.4.4/../../../../pic32mx/lib\libmchp_peripheral_32MX675F512H.a(spi_chn_getc_lib.o)
 .debug_abbrev  0x00001141       0x23 C:/Program Files (x86)/Microchip/MPLAB C32 Suite/bin/../lib/gcc/pic32mx/3.4.4/../../../../pic32mx/lib\libmchp_peripheral_32MX675F512H.a(spi_chn_open_lib.o)
 .debug_abbrev  0x00001164       0x23 C:/Program Files (x86)/Microchip/MPLAB C32 Suite/bin/../lib/gcc/pic32mx/3.4.4/../../../../pic32mx/lib\libmchp_peripheral_32MX675F512H.a(spi_chn_putc_lib.o)
 .debug_abbrev  0x00001187       0x23 C:/Program Files (x86)/Microchip/MPLAB C32 Suite/bin/../lib/gcc/pic32mx/3.4.4/../../../../pic32mx/lib\libmchp_peripheral_32MX675F512H.a(spi_chn_is_busy_lib.o)
 .debug_abbrev  0x000011aa        0x1 C:/Program Files (x86)/Microchip/MPLAB C32 Suite/bin/../lib/gcc/pic32mx/3.4.4/../../../../pic32mx/lib\libmchp_peripheral_32MX675F512H.a(spi_io_tbl_libp.o)
 .debug_abbrev  0x000011ab        0x1 C:/Program Files (x86)/Microchip/MPLAB C32 Suite/bin/../lib/gcc/pic32mx/3.4.4/../../../../pic32mx/lib\libmchp_peripheral_32MX675F512H.a(spi_map_tbl_libp.o)
 .debug_abbrev  0x000011ac       0x23 C:/Program Files (x86)/Microchip/MPLAB C32 Suite/bin/../lib/gcc/pic32mx/3.4.4/../../../../pic32mx/lib\libmchp_peripheral_32MX675F512H.a(port_set_pins_digital_in_lib.o)
 .debug_abbrev  0x000011cf       0x23 C:/Program Files (x86)/Microchip/MPLAB C32 Suite/bin/../lib/gcc/pic32mx/3.4.4/../../../../pic32mx/lib\libmchp_peripheral_32MX675F512H.a(port_set_pins_digital_out_lib.o)
 .debug_abbrev  0x000011f2        0x1 C:/Program Files (x86)/Microchip/MPLAB C32 Suite/bin/../lib/gcc/pic32mx/3.4.4/../../../../pic32mx/lib\libmchp_peripheral_32MX675F512H.a(_ports_tbl_libp.o)
 .debug_abbrev  0x000011f3       0xc7 C:/Program Files (x86)/Microchip/MPLAB C32 Suite/bin/../lib/gcc/pic32mx/3.4.4/../../../../pic32mx/lib\libc.a(isinf.o)

.debug_line     0x00000000     0x2f74
 *(.debug_line)
 .debug_line    0x00000000      0x175 Objects\C32\usb_config.o
 .debug_line    0x00000175      0x9b7 Objects\C32\usb_host.o
 .debug_line    0x00000b2c      0x46c Objects\C32\usb_host_hid_parser.o
 .debug_line    0x00000f98      0x51b Objects\C32\usb_host_hid.o
 .debug_line    0x000014b3      0x4a5 Objects\C32\Mouse_demo.o
 .debug_line    0x00001958      0x268 C:/Program Files (x86)/Microchip/MPLAB C32 Suite/bin/../lib/gcc/pic32mx/3.4.4/../../../../pic32mx/lib\libc.a(malloc.o)
 .debug_line    0x00001bc0      0x3c3 C:/Program Files (x86)/Microchip/MPLAB C32 Suite/bin/../lib/gcc/pic32mx/3.4.4/../../../../pic32mx/lib\libc.a(sbrk.o)
 .debug_line    0x00001f83       0xba C:/Program Files (x86)/Microchip/MPLAB C32 Suite/bin/../lib/gcc/pic32mx/3.4.4/../../../../pic32mx/lib\libc.a(default-general-exception-handler.o)
 .debug_line    0x0000203d       0xbc C:/Program Files (x86)/Microchip/MPLAB C32 Suite/bin/../lib/gcc/pic32mx/3.4.4/../../../../pic32mx/lib\libc.a(default-bootstrap-exception-handler.o)
 .debug_line    0x000020f9       0xa9 C:/Program Files (x86)/Microchip/MPLAB C32 Suite/bin/../lib/gcc/pic32mx/3.4.4/../../../../pic32mx/lib\libc.a(default-on-reset.o)
 .debug_line    0x000021a2       0xad C:/Program Files (x86)/Microchip/MPLAB C32 Suite/bin/../lib/gcc/pic32mx/3.4.4/../../../../pic32mx/lib\libc.a(default-on-bootstrap.o)
 .debug_line    0x0000224f      0x17c C:/Program Files (x86)/Microchip/MPLAB C32 Suite/bin/../lib/gcc/pic32mx/3.4.4/../../../../pic32mx/lib\libc.a(errno.o)
 .debug_line    0x000023cb       0x90 C:/Program Files (x86)/Microchip/MPLAB C32 Suite/bin/../lib/gcc/pic32mx/3.4.4/../../../../pic32mx/lib\libm.a(w_powf.o)
 .debug_line    0x0000245b        0x0 C:/Program Files (x86)/Microchip/MPLAB C32 Suite/bin/../lib/gcc/pic32mx/3.4.4/../../../../pic32mx/lib\libm.a(s_lib_ver.o)
 .debug_line    0x0000245b       0x9d C:/Program Files (x86)/Microchip/MPLAB C32 Suite/bin/../lib/gcc/pic32mx/3.4.4/../../../../pic32mx/lib\libmchp_peripheral_32MX675F512H.a(pcache.o)
 .debug_line    0x000024f8       0xac C:/Program Files (x86)/Microchip/MPLAB C32 Suite/bin/../lib/gcc/pic32mx/3.4.4/../../../../pic32mx/lib\libmchp_peripheral_32MX675F512H.a(int_configure_system_lib.o)
 .debug_line    0x000025a4       0xad C:/Program Files (x86)/Microchip/MPLAB C32 Suite/bin/../lib/gcc/pic32mx/3.4.4/../../../../pic32mx/lib\libmchp_peripheral_32MX675F512H.a(int_enable_interrupts_lib.o)
 .debug_line    0x00002651       0xae C:/Program Files (x86)/Microchip/MPLAB C32 Suite/bin/../lib/gcc/pic32mx/3.4.4/../../../../pic32mx/lib\libmchp_peripheral_32MX675F512H.a(int_disable_interrupts_lib.o)
 .debug_line    0x000026ff       0xae C:/Program Files (x86)/Microchip/MPLAB C32 Suite/bin/../lib/gcc/pic32mx/3.4.4/../../../../pic32mx/lib\libmchp_peripheral_32MX675F512H.a(int_restore_interrupts_lib.o)
 .debug_line    0x000027ad       0xa9 C:/Program Files (x86)/Microchip/MPLAB C32 Suite/bin/../lib/gcc/pic32mx/3.4.4/../../../../pic32mx/lib\libmchp_peripheral_32MX675F512H.a(int_enable_mv_int_lib.o)
 .debug_line    0x00002856       0x9f C:/Program Files (x86)/Microchip/MPLAB C32 Suite/bin/../lib/gcc/pic32mx/3.4.4/../../../../pic32mx/lib\libmchp_peripheral_32MX675F512H.a(int_tbl_lib.o)
 .debug_line    0x000028f5       0xa4 C:/Program Files (x86)/Microchip/MPLAB C32 Suite/bin/../lib/gcc/pic32mx/3.4.4/../../../../pic32mx/lib\libmchp_peripheral_32MX675F512H.a(spi_chn_getc_lib.o)
 .debug_line    0x00002999       0xa4 C:/Program Files (x86)/Microchip/MPLAB C32 Suite/bin/../lib/gcc/pic32mx/3.4.4/../../../../pic32mx/lib\libmchp_peripheral_32MX675F512H.a(spi_chn_open_lib.o)
 .debug_line    0x00002a3d       0xa4 C:/Program Files (x86)/Microchip/MPLAB C32 Suite/bin/../lib/gcc/pic32mx/3.4.4/../../../../pic32mx/lib\libmchp_peripheral_32MX675F512H.a(spi_chn_putc_lib.o)
 .debug_line    0x00002ae1       0xa7 C:/Program Files (x86)/Microchip/MPLAB C32 Suite/bin/../lib/gcc/pic32mx/3.4.4/../../../../pic32mx/lib\libmchp_peripheral_32MX675F512H.a(spi_chn_is_busy_lib.o)
 .debug_line    0x00002b88        0x0 C:/Program Files (x86)/Microchip/MPLAB C32 Suite/bin/../lib/gcc/pic32mx/3.4.4/../../../../pic32mx/lib\libmchp_peripheral_32MX675F512H.a(spi_io_tbl_libp.o)
 .debug_line    0x00002b88        0x0 C:/Program Files (x86)/Microchip/MPLAB C32 Suite/bin/../lib/gcc/pic32mx/3.4.4/../../../../pic32mx/lib\libmchp_peripheral_32MX675F512H.a(spi_map_tbl_libp.o)
 .debug_line    0x00002b88       0xb2 C:/Program Files (x86)/Microchip/MPLAB C32 Suite/bin/../lib/gcc/pic32mx/3.4.4/../../../../pic32mx/lib\libmchp_peripheral_32MX675F512H.a(port_set_pins_digital_in_lib.o)
 .debug_line    0x00002c3a       0xb3 C:/Program Files (x86)/Microchip/MPLAB C32 Suite/bin/../lib/gcc/pic32mx/3.4.4/../../../../pic32mx/lib\libmchp_peripheral_32MX675F512H.a(port_set_pins_digital_out_lib.o)
 .debug_line    0x00002ced        0x0 C:/Program Files (x86)/Microchip/MPLAB C32 Suite/bin/../lib/gcc/pic32mx/3.4.4/../../../../pic32mx/lib\libmchp_peripheral_32MX675F512H.a(_ports_tbl_libp.o)
 .debug_line    0x00002ced      0x287 C:/Program Files (x86)/Microchip/MPLAB C32 Suite/bin/../lib/gcc/pic32mx/3.4.4/../../../../pic32mx/lib\libc.a(isinf.o)

.debug_frame    0x00000000      0xed8
 *(.debug_frame)
 .debug_frame   0x00000000      0x468 Objects\C32\usb_host.o
 .debug_frame   0x00000468       0xdc Objects\C32\usb_host_hid_parser.o
 .debug_frame   0x00000544      0x204 Objects\C32\usb_host_hid.o
 .debug_frame   0x00000748      0x308 Objects\C32\Mouse_demo.o
 .debug_frame   0x00000a50       0x78 C:/Program Files (x86)/Microchip/MPLAB C32 Suite/bin/../lib/gcc/pic32mx/3.4.4/../../../../pic32mx/lib\libc.a(malloc.o)
 .debug_frame   0x00000ac8       0x8c C:/Program Files (x86)/Microchip/MPLAB C32 Suite/bin/../lib/gcc/pic32mx/3.4.4/../../../../pic32mx/lib\libc.a(sbrk.o)
 .debug_frame   0x00000b54       0x20 C:/Program Files (x86)/Microchip/MPLAB C32 Suite/bin/../lib/gcc/pic32mx/3.4.4/../../../../pic32mx/lib\libc.a(default-general-exception-handler.o)
 .debug_frame   0x00000b74       0x20 C:/Program Files (x86)/Microchip/MPLAB C32 Suite/bin/../lib/gcc/pic32mx/3.4.4/../../../../pic32mx/lib\libc.a(default-bootstrap-exception-handler.o)
 .debug_frame   0x00000b94       0x20 C:/Program Files (x86)/Microchip/MPLAB C32 Suite/bin/../lib/gcc/pic32mx/3.4.4/../../../../pic32mx/lib\libc.a(default-on-reset.o)
 .debug_frame   0x00000bb4       0x20 C:/Program Files (x86)/Microchip/MPLAB C32 Suite/bin/../lib/gcc/pic32mx/3.4.4/../../../../pic32mx/lib\libc.a(default-on-bootstrap.o)
 .debug_frame   0x00000bd4       0x40 C:/Program Files (x86)/Microchip/MPLAB C32 Suite/bin/../lib/gcc/pic32mx/3.4.4/../../../../pic32mx/lib\libm.a(w_powf.o)
 .debug_frame   0x00000c14       0x30 C:/Program Files (x86)/Microchip/MPLAB C32 Suite/bin/../lib/gcc/pic32mx/3.4.4/../../../../pic32mx/lib\libmchp_peripheral_32MX675F512H.a(pcache.o)
 .debug_frame   0x00000c44       0x20 C:/Program Files (x86)/Microchip/MPLAB C32 Suite/bin/../lib/gcc/pic32mx/3.4.4/../../../../pic32mx/lib\libmchp_peripheral_32MX675F512H.a(int_configure_system_lib.o)
 .debug_frame   0x00000c64       0x20 C:/Program Files (x86)/Microchip/MPLAB C32 Suite/bin/../lib/gcc/pic32mx/3.4.4/../../../../pic32mx/lib\libmchp_peripheral_32MX675F512H.a(int_enable_interrupts_lib.o)
 .debug_frame   0x00000c84       0x20 C:/Program Files (x86)/Microchip/MPLAB C32 Suite/bin/../lib/gcc/pic32mx/3.4.4/../../../../pic32mx/lib\libmchp_peripheral_32MX675F512H.a(int_disable_interrupts_lib.o)
 .debug_frame   0x00000ca4       0x20 C:/Program Files (x86)/Microchip/MPLAB C32 Suite/bin/../lib/gcc/pic32mx/3.4.4/../../../../pic32mx/lib\libmchp_peripheral_32MX675F512H.a(int_restore_interrupts_lib.o)
 .debug_frame   0x00000cc4       0x28 C:/Program Files (x86)/Microchip/MPLAB C32 Suite/bin/../lib/gcc/pic32mx/3.4.4/../../../../pic32mx/lib\libmchp_peripheral_32MX675F512H.a(int_enable_mv_int_lib.o)
 .debug_frame   0x00000cec       0xa0 C:/Program Files (x86)/Microchip/MPLAB C32 Suite/bin/../lib/gcc/pic32mx/3.4.4/../../../../pic32mx/lib\libmchp_peripheral_32MX675F512H.a(int_tbl_lib.o)
 .debug_frame   0x00000d8c       0x30 C:/Program Files (x86)/Microchip/MPLAB C32 Suite/bin/../lib/gcc/pic32mx/3.4.4/../../../../pic32mx/lib\libmchp_peripheral_32MX675F512H.a(spi_chn_getc_lib.o)
 .debug_frame   0x00000dbc       0x3c C:/Program Files (x86)/Microchip/MPLAB C32 Suite/bin/../lib/gcc/pic32mx/3.4.4/../../../../pic32mx/lib\libmchp_peripheral_32MX675F512H.a(spi_chn_open_lib.o)
 .debug_frame   0x00000df8       0x40 C:/Program Files (x86)/Microchip/MPLAB C32 Suite/bin/../lib/gcc/pic32mx/3.4.4/../../../../pic32mx/lib\libmchp_peripheral_32MX675F512H.a(spi_chn_putc_lib.o)
 .debug_frame   0x00000e38       0x30 C:/Program Files (x86)/Microchip/MPLAB C32 Suite/bin/../lib/gcc/pic32mx/3.4.4/../../../../pic32mx/lib\libmchp_peripheral_32MX675F512H.a(spi_chn_is_busy_lib.o)
 .debug_frame   0x00000e68       0x20 C:/Program Files (x86)/Microchip/MPLAB C32 Suite/bin/../lib/gcc/pic32mx/3.4.4/../../../../pic32mx/lib\libmchp_peripheral_32MX675F512H.a(port_set_pins_digital_in_lib.o)
 .debug_frame   0x00000e88       0x20 C:/Program Files (x86)/Microchip/MPLAB C32 Suite/bin/../lib/gcc/pic32mx/3.4.4/../../../../pic32mx/lib\libmchp_peripheral_32MX675F512H.a(port_set_pins_digital_out_lib.o)
 .debug_frame   0x00000ea8       0x30 C:/Program Files (x86)/Microchip/MPLAB C32 Suite/bin/../lib/gcc/pic32mx/3.4.4/../../../../pic32mx/lib\libc.a(isinf.o)

.debug_str      0x00000000     0x12e1
 *(.debug_str)
 .debug_str     0x00000000       0x12 Objects\C32\usb_config.o
 .debug_str     0x00000012       0xc7 Objects\C32\usb_host.o
 .debug_str     0x000000d9       0xc1 Objects\C32\usb_host_hid_parser.o
 .debug_str     0x0000019a      0x16a Objects\C32\usb_host_hid.o
 .debug_str     0x00000304       0xfd Objects\C32\Mouse_demo.o
 .debug_str     0x00000401      0x125 C:/Program Files (x86)/Microchip/MPLAB C32 Suite/bin/../lib/gcc/pic32mx/3.4.4/../../../../pic32mx/lib\libc.a(malloc.o)
                                0x157 (size before relaxing)
 .debug_str     0x00000526       0xf7 C:/Program Files (x86)/Microchip/MPLAB C32 Suite/bin/../lib/gcc/pic32mx/3.4.4/../../../../pic32mx/lib\libc.a(sbrk.o)
                                0x19d (size before relaxing)
 .debug_str     0x0000061d       0xa5 C:/Program Files (x86)/Microchip/MPLAB C32 Suite/bin/../lib/gcc/pic32mx/3.4.4/../../../../pic32mx/lib\libc.a(default-general-exception-handler.o)
                                 0xec (size before relaxing)
 .debug_str     0x000006c2       0xa9 C:/Program Files (x86)/Microchip/MPLAB C32 Suite/bin/../lib/gcc/pic32mx/3.4.4/../../../../pic32mx/lib\libc.a(default-bootstrap-exception-handler.o)
                                 0xf0 (size before relaxing)
 .debug_str     0x0000076b       0x83 C:/Program Files (x86)/Microchip/MPLAB C32 Suite/bin/../lib/gcc/pic32mx/3.4.4/../../../../pic32mx/lib\libc.a(default-on-reset.o)
                                 0xca (size before relaxing)
 .debug_str     0x000007ee       0x8b C:/Program Files (x86)/Microchip/MPLAB C32 Suite/bin/../lib/gcc/pic32mx/3.4.4/../../../../pic32mx/lib\libc.a(default-on-bootstrap.o)
                                 0xd2 (size before relaxing)
 .debug_str     0x00000879       0x6c C:/Program Files (x86)/Microchip/MPLAB C32 Suite/bin/../lib/gcc/pic32mx/3.4.4/../../../../pic32mx/lib\libc.a(errno.o)
                                 0xb9 (size before relaxing)
 .debug_str     0x000008e5       0x75 C:/Program Files (x86)/Microchip/MPLAB C32 Suite/bin/../lib/gcc/pic32mx/3.4.4/../../../../pic32mx/lib\libm.a(w_powf.o)
                                 0xbc (size before relaxing)
 .debug_str     0x0000095a       0x9e C:/Program Files (x86)/Microchip/MPLAB C32 Suite/bin/../lib/gcc/pic32mx/3.4.4/../../../../pic32mx/lib\libmchp_peripheral_32MX675F512H.a(pcache.o)
                                 0xe5 (size before relaxing)
 .debug_str     0x000009f8       0x9f C:/Program Files (x86)/Microchip/MPLAB C32 Suite/bin/../lib/gcc/pic32mx/3.4.4/../../../../pic32mx/lib\libmchp_peripheral_32MX675F512H.a(int_configure_system_lib.o)
                                 0xe6 (size before relaxing)
 .debug_str     0x00000a97       0xa1 C:/Program Files (x86)/Microchip/MPLAB C32 Suite/bin/../lib/gcc/pic32mx/3.4.4/../../../../pic32mx/lib\libmchp_peripheral_32MX675F512H.a(int_enable_interrupts_lib.o)
                                 0xe8 (size before relaxing)
 .debug_str     0x00000b38       0xa3 C:/Program Files (x86)/Microchip/MPLAB C32 Suite/bin/../lib/gcc/pic32mx/3.4.4/../../../../pic32mx/lib\libmchp_peripheral_32MX675F512H.a(int_disable_interrupts_lib.o)
                                 0xea (size before relaxing)
 .debug_str     0x00000bdb       0xa3 C:/Program Files (x86)/Microchip/MPLAB C32 Suite/bin/../lib/gcc/pic32mx/3.4.4/../../../../pic32mx/lib\libmchp_peripheral_32MX675F512H.a(int_restore_interrupts_lib.o)
                                 0xea (size before relaxing)
 .debug_str     0x00000c7e       0xa9 C:/Program Files (x86)/Microchip/MPLAB C32 Suite/bin/../lib/gcc/pic32mx/3.4.4/../../../../pic32mx/lib\libmchp_peripheral_32MX675F512H.a(int_enable_mv_int_lib.o)
                                 0xf0 (size before relaxing)
 .debug_str     0x00000d27      0x113 C:/Program Files (x86)/Microchip/MPLAB C32 Suite/bin/../lib/gcc/pic32mx/3.4.4/../../../../pic32mx/lib\libmchp_peripheral_32MX675F512H.a(int_tbl_lib.o)
                                0x15a (size before relaxing)
 .debug_str     0x00000e3a       0x9b C:/Program Files (x86)/Microchip/MPLAB C32 Suite/bin/../lib/gcc/pic32mx/3.4.4/../../../../pic32mx/lib\libmchp_peripheral_32MX675F512H.a(spi_chn_getc_lib.o)
                                 0xe2 (size before relaxing)
 .debug_str     0x00000ed5       0x8f C:/Program Files (x86)/Microchip/MPLAB C32 Suite/bin/../lib/gcc/pic32mx/3.4.4/../../../../pic32mx/lib\libmchp_peripheral_32MX675F512H.a(spi_chn_open_lib.o)
                                 0xd6 (size before relaxing)
 .debug_str     0x00000f64       0xa9 C:/Program Files (x86)/Microchip/MPLAB C32 Suite/bin/../lib/gcc/pic32mx/3.4.4/../../../../pic32mx/lib\libmchp_peripheral_32MX675F512H.a(spi_chn_putc_lib.o)
                                 0xf0 (size before relaxing)
 .debug_str     0x0000100d       0xa4 C:/Program Files (x86)/Microchip/MPLAB C32 Suite/bin/../lib/gcc/pic32mx/3.4.4/../../../../pic32mx/lib\libmchp_peripheral_32MX675F512H.a(spi_chn_is_busy_lib.o)
                                 0xeb (size before relaxing)
 .debug_str     0x000010b1       0xa7 C:/Program Files (x86)/Microchip/MPLAB C32 Suite/bin/../lib/gcc/pic32mx/3.4.4/../../../../pic32mx/lib\libmchp_peripheral_32MX675F512H.a(port_set_pins_digital_in_lib.o)
                                 0xee (size before relaxing)
 .debug_str     0x00001158       0xa9 C:/Program Files (x86)/Microchip/MPLAB C32 Suite/bin/../lib/gcc/pic32mx/3.4.4/../../../../pic32mx/lib\libmchp_peripheral_32MX675F512H.a(port_set_pins_digital_out_lib.o)
                                 0xf0 (size before relaxing)
 .debug_str     0x00001201       0xe0 C:/Program Files (x86)/Microchip/MPLAB C32 Suite/bin/../lib/gcc/pic32mx/3.4.4/../../../../pic32mx/lib\libc.a(isinf.o)
                                0x160 (size before relaxing)

.debug_loc
 *(.debug_loc)

.debug_macinfo  0x00000000     0x6838
 *(.debug_macinfo)
 .debug_macinfo
                0x00000000      0xcb4 C:/Program Files (x86)/Microchip/MPLAB C32 Suite/bin/../lib/gcc/pic32mx/3.4.4/../../../../pic32mx/lib\libc.a(malloc.o)
 .debug_macinfo
                0x00000cb4     0x1199 C:/Program Files (x86)/Microchip/MPLAB C32 Suite/bin/../lib/gcc/pic32mx/3.4.4/../../../../pic32mx/lib\libc.a(sbrk.o)
 .debug_macinfo